Archive member included to satisfy reference by file (symbol)

Arducam/src/libarducam.a(arducam.c.o)
                              Arducam/CMakeFiles/arducam_demo.dir/arducam_demo.c.o (arducam)
/Users/henry/.pico-sdk/toolchain/14_2_Rel1/bin/../lib/gcc/arm-none-eabi/14.2.1/thumb/v6-m/nofp/libgcc.a(_dvmd_tls.o)
                              Arducam/CMakeFiles/arducam_demo.dir/Users/henry/.pico-sdk/sdk/2.2.0/src/rp2_common/pico_divider/divider_hardware.S.o (__aeabi_idiv0)
/Users/henry/.pico-sdk/toolchain/14_2_Rel1/bin/../lib/gcc/arm-none-eabi/14.2.1/../../../../arm-none-eabi/lib/thumb/v6-m/nofp/libg.a(libc_a-calloc.o)
                              Arducam/CMakeFiles/arducam_demo.dir/Users/henry/.pico-sdk/sdk/2.2.0/src/rp2_common/pico_malloc/malloc.c.o (calloc)
/Users/henry/.pico-sdk/toolchain/14_2_Rel1/bin/../lib/gcc/arm-none-eabi/14.2.1/../../../../arm-none-eabi/lib/thumb/v6-m/nofp/libg.a(libc_a-callocr.o)
                              /Users/henry/.pico-sdk/toolchain/14_2_Rel1/bin/../lib/gcc/arm-none-eabi/14.2.1/../../../../arm-none-eabi/lib/thumb/v6-m/nofp/libg.a(libc_a-calloc.o) (_calloc_r)
/Users/henry/.pico-sdk/toolchain/14_2_Rel1/bin/../lib/gcc/arm-none-eabi/14.2.1/../../../../arm-none-eabi/lib/thumb/v6-m/nofp/libg.a(libc_a-malloc.o)
                              Arducam/CMakeFiles/arducam_demo.dir/Users/henry/.pico-sdk/sdk/2.2.0/src/rp2_common/pico_malloc/malloc.c.o (malloc)
/Users/henry/.pico-sdk/toolchain/14_2_Rel1/bin/../lib/gcc/arm-none-eabi/14.2.1/../../../../arm-none-eabi/lib/thumb/v6-m/nofp/libg.a(libc_a-mallocr.o)
                              /Users/henry/.pico-sdk/toolchain/14_2_Rel1/bin/../lib/gcc/arm-none-eabi/14.2.1/../../../../arm-none-eabi/lib/thumb/v6-m/nofp/libg.a(libc_a-callocr.o) (_malloc_r)
/Users/henry/.pico-sdk/toolchain/14_2_Rel1/bin/../lib/gcc/arm-none-eabi/14.2.1/../../../../arm-none-eabi/lib/thumb/v6-m/nofp/libg.a(libc_a-mlock.o)
                              /Users/henry/.pico-sdk/toolchain/14_2_Rel1/bin/../lib/gcc/arm-none-eabi/14.2.1/../../../../arm-none-eabi/lib/thumb/v6-m/nofp/libg.a(libc_a-mallocr.o) (__malloc_lock)
/Users/henry/.pico-sdk/toolchain/14_2_Rel1/bin/../lib/gcc/arm-none-eabi/14.2.1/../../../../arm-none-eabi/lib/thumb/v6-m/nofp/libg.a(libc_a-realloc.o)
                              Arducam/CMakeFiles/arducam_demo.dir/Users/henry/.pico-sdk/sdk/2.2.0/src/rp2_common/pico_malloc/malloc.c.o (realloc)
/Users/henry/.pico-sdk/toolchain/14_2_Rel1/bin/../lib/gcc/arm-none-eabi/14.2.1/../../../../arm-none-eabi/lib/thumb/v6-m/nofp/libg.a(libc_a-reallocr.o)
                              /Users/henry/.pico-sdk/toolchain/14_2_Rel1/bin/../lib/gcc/arm-none-eabi/14.2.1/../../../../arm-none-eabi/lib/thumb/v6-m/nofp/libg.a(libc_a-realloc.o) (_realloc_r)
/Users/henry/.pico-sdk/toolchain/14_2_Rel1/bin/../lib/gcc/arm-none-eabi/14.2.1/../../../../arm-none-eabi/lib/thumb/v6-m/nofp/libg.a(libc_a-fflush.o)
                              Arducam/src/libarducam.a(arducam.c.o) (fflush)
/Users/henry/.pico-sdk/toolchain/14_2_Rel1/bin/../lib/gcc/arm-none-eabi/14.2.1/../../../../arm-none-eabi/lib/thumb/v6-m/nofp/libg.a(libc_a-findfp.o)
                              /Users/henry/.pico-sdk/toolchain/14_2_Rel1/bin/../lib/gcc/arm-none-eabi/14.2.1/../../../../arm-none-eabi/lib/thumb/v6-m/nofp/libg.a(libc_a-fflush.o) (__sglue)
/Users/henry/.pico-sdk/toolchain/14_2_Rel1/bin/../lib/gcc/arm-none-eabi/14.2.1/../../../../arm-none-eabi/lib/thumb/v6-m/nofp/libg.a(libc_a-memcmp.o)
                              Arducam/CMakeFiles/arducam_demo.dir/Users/henry/.pico-sdk/sdk/2.2.0/src/rp2_common/pico_atomic/atomic.c.o (memcmp)
/Users/henry/.pico-sdk/toolchain/14_2_Rel1/bin/../lib/gcc/arm-none-eabi/14.2.1/../../../../arm-none-eabi/lib/thumb/v6-m/nofp/libg.a(libc_a-memmove.o)
                              /Users/henry/.pico-sdk/toolchain/14_2_Rel1/bin/../lib/gcc/arm-none-eabi/14.2.1/../../../../arm-none-eabi/lib/thumb/v6-m/nofp/libg.a(libc_a-reallocr.o) (memmove)
/Users/henry/.pico-sdk/toolchain/14_2_Rel1/bin/../lib/gcc/arm-none-eabi/14.2.1/../../../../arm-none-eabi/lib/thumb/v6-m/nofp/libg.a(libc_a-lcltime_r.o)
                              Arducam/CMakeFiles/arducam_demo.dir/Users/henry/.pico-sdk/sdk/2.2.0/src/common/pico_util/datetime.c.o (localtime_r)
/Users/henry/.pico-sdk/toolchain/14_2_Rel1/bin/../lib/gcc/arm-none-eabi/14.2.1/../../../../arm-none-eabi/lib/thumb/v6-m/nofp/libg.a(libc_a-mktime.o)
                              Arducam/CMakeFiles/arducam_demo.dir/Users/henry/.pico-sdk/sdk/2.2.0/src/common/pico_util/datetime.c.o (mktime)
/Users/henry/.pico-sdk/toolchain/14_2_Rel1/bin/../lib/gcc/arm-none-eabi/14.2.1/../../../../arm-none-eabi/lib/thumb/v6-m/nofp/libg.a(libc_a-month_lengths.o)
                              /Users/henry/.pico-sdk/toolchain/14_2_Rel1/bin/../lib/gcc/arm-none-eabi/14.2.1/../../../../arm-none-eabi/lib/thumb/v6-m/nofp/libg.a(libc_a-lcltime_r.o) (__month_lengths)
[...]
Memory Configuration

Name             Origin             Length             Attributes
FLASH            0x10000000         0x00200000         xr
RAM              0x20000000         0x00040000         xrw
SCRATCH_X        0x20040000         0x00001000         xrw
SCRATCH_Y        0x20041000         0x00001000         xrw
*default*        0x00000000         0xffffffff

Linker script and memory map

LOAD /Users/henry/.pico-sdk/toolchain/14_2_Rel1/bin/../lib/gcc/arm-none-eabi/14.2.1/thumb/v6-m/nofp/crti.o
LOAD /Users/henry/.pico-sdk/toolchain/14_2_Rel1/bin/../lib/gcc/arm-none-eabi/14.2.1/thumb/v6-m/nofp/crtbegin.o
LOAD /Users/henry/.pico-sdk/toolchain/14_2_Rel1/bin/../lib/gcc/arm-none-eabi/14.2.1/../../../../arm-none-eabi/lib/thumb/v6-m/nofp/crt0.o

.flash_begin    0x10000000        0x0
                0x10000000                        __flash_binary_start = .

.boot2          0x10000000      0x100
                0x10000000                        __boot2_start__ = .
 *(.boot2)
 .boot2         0x10000000      0x100 pico-sdk/src/rp2040/boot_stage2/CMakeFiles/bs2_default_library.dir/./bs2_default_padded_checksummed.S.o
                0x10000100                        __boot2_end__ = .
                0x00000001                        ASSERT (((__boot2_end__ - __boot2_start__) == 0x100), ERROR: Pico second stage bootloader must be 256 bytes in size)

.text           0x10000100     0x8634
                0x10000100                        __logical_binary_start = .
 *(.vectors)
 .vectors       0x10000100       0xd4 Arducam/CMakeFiles/arducam_demo.dir/Users/henry/.pico-sdk/sdk/2.2.0/src/rp2_common/pico_crt0/crt0.S.o
                0x10000100                __VECTOR_TABLE
                0x10000100                __vectors
                0x100001c0                isr_irq13
                0x100001c0                isr_irq27
                0x100001c0                isr_irq31
                0x100001c0                isr_irq5
                0x100001c0                isr_irq11
                0x100001c0                isr_irq23
                0x100001c0                isr_irq18
                0x100001c0                isr_irq9
                0x100001c0                __unhandled_user_irq
                0x100001c0                isr_irq25
                0x100001c0                isr_irq4
                0x100001c0                isr_irq16
                0x100001c0                isr_irq29
                0x100001c0                isr_irq26
                0x100001c0                isr_irq3
                0x100001c0                isr_irq12
                0x100001c0                isr_irq30
                0x100001c0                isr_irq28
                0x100001c0                isr_irq19
                0x100001c0                isr_irq0
                0x100001c0                isr_irq6
                0x100001c0                isr_irq22
                0x100001c0                isr_irq17
                0x100001c0                isr_irq14
                0x100001c0                __vectors_end
                0x100001c0                __default_isrs_start
                0x100001c0                isr_irq2
                0x100001c0                isr_irq10
                0x100001c0                isr_irq8
                0x100001c0                isr_irq24
                0x100001c0                isr_irq1
                0x100001c0                isr_irq7
                0x100001c0                isr_irq21
                0x100001c0                isr_irq20
                0x100001c0                isr_irq15
                0x100001c6                unhandled_user_irq_num_in_r0
                0x100001c8                isr_invalid
                0x100001ca                isr_nmi
                0x100001cc                isr_hardfault
                0x100001ce                isr_svcall
                0x100001d0                isr_pendsv
                0x100001d2                isr_systick
                0x100001d4                __default_isrs_end
 *(.binary_info_header)
 .binary_info_header
                0x100001d4       0x14 Arducam/CMakeFiles/arducam_demo.dir/Users/henry/.pico-sdk/sdk/2.2.0/src/rp2_common/pico_crt0/crt0.S.o
                0x100001e8                        __binary_info_header_end = .
 *(.embedded_block)
                0x100001e8                        __embedded_block_end = .
 *(.reset)
 .reset         0x100001e8       0x9c Arducam/CMakeFiles/arducam_demo.dir/Users/henry/.pico-sdk/sdk/2.2.0/src/rp2_common/pico_crt0/crt0.S.o
                0x100001e8                _entry_point
 *(.init)
 .init          0x10000284        0x4 /Users/henry/.pico-sdk/toolchain/14_2_Rel1/bin/../lib/gcc/arm-none-eabi/14.2.1/thumb/v6-m/nofp/crti.o
                0x10000284                _init
 *(EXCLUDE_FILE(*libm.a: *libc.a:*lib_a-mem*.o *libgcc.a:) .text*)
 .text.register_tm_clones
                0x10000288       0x28 /Users/henry/.pico-sdk/toolchain/14_2_Rel1/bin/../lib/gcc/arm-none-eabi/14.2.1/thumb/v6-m/nofp/crtbegin.o
 .text.frame_dummy
                0x100002b0       0x24 /Users/henry/.pico-sdk/toolchain/14_2_Rel1/bin/../lib/gcc/arm-none-eabi/14.2.1/thumb/v6-m/nofp/crtbegin.o
 .text.startup.main
                0x100002d4       0x80 Arducam/CMakeFiles/arducam_demo.dir/arducam_demo.c.o
                0x100002d4                main
 .text.gpio_set_function
                0x10000354       0x34 Arducam/CMakeFiles/arducam_demo.dir/Users/henry/.pico-sdk/sdk/2.2.0/src/rp2_common/hardware_gpio/gpio.c.o
                0x10000354                gpio_set_function
 .text.gpio_set_pulls
                0x10000388       0x28 Arducam/CMakeFiles/arducam_demo.dir/Users/henry/.pico-sdk/sdk/2.2.0/src/rp2_common/hardware_gpio/gpio.c.o
                0x10000388                gpio_set_pulls
 .text.gpio_init
                0x100003b0       0x40 Arducam/CMakeFiles/arducam_demo.dir/Users/henry/.pico-sdk/sdk/2.2.0/src/rp2_common/hardware_gpio/gpio.c.o
                0x100003b0                gpio_init
 .text.rp2040_chip_version
                0x100003f0        0xc Arducam/CMakeFiles/arducam_demo.dir/Users/henry/.pico-sdk/sdk/2.2.0/src/rp2040/pico_platform/platform.c.o
                0x100003f0                rp2040_chip_version
 .text.panic    0x100003fc       0x30 Arducam/CMakeFiles/arducam_demo.dir/Users/henry/.pico-sdk/sdk/2.2.0/src/rp2_common/pico_platform_panic/panic.c.o
                0x100003fc                panic
 .text.hw_claim_or_assert
                0x1000042c       0x44 Arducam/CMakeFiles/arducam_demo.dir/Users/henry/.pico-sdk/sdk/2.2.0/src/common/hardware_claim/claim.c.o
                0x1000042c                hw_claim_or_assert
 .text.hw_claim_unused_from_range
                0x10000470       0x88 Arducam/CMakeFiles/arducam_demo.dir/Users/henry/.pico-sdk/sdk/2.2.0/src/common/hardware_claim/claim.c.o
                0x10000470                hw_claim_unused_from_range
 .text.next_striped_spin_lock_num
                0x100004f8       0x18 Arducam/CMakeFiles/arducam_demo.dir/Users/henry/.pico-sdk/sdk/2.2.0/src/rp2_common/hardware_sync/sync.c.o
                0x100004f8                next_striped_spin_lock_num
 .text.spin_lock_claim_unused
                0x10000510       0x24 Arducam/CMakeFiles/arducam_demo.dir/Users/henry/.pico-sdk/sdk/2.2.0/src/rp2_common/hardware_sync/sync.c.o
                0x10000510                spin_lock_claim_unused
 .text.spin_locks_reset
                0x10000534       0x1c Arducam/CMakeFiles/arducam_demo.dir/Users/henry/.pico-sdk/sdk/2.2.0/src/rp2_common/hardware_sync_spin_lock/sync_spin_lock.c.o
                0x10000534                spin_locks_reset
 .text.runtime_init_per_core_irq_priorities
                0x10000550       0x24 Arducam/CMakeFiles/arducam_demo.dir/Users/henry/.pico-sdk/sdk/2.2.0/src/rp2_common/hardware_irq/irq.c.o
                0x10000550                runtime_init_per_core_irq_priorities
 .text.irq_set_enabled
                0x10000574       0x24 Arducam/CMakeFiles/arducam_demo.dir/Users/henry/.pico-sdk/sdk/2.2.0/src/rp2_common/hardware_irq/irq.c.o
                0x10000574                irq_set_enabled
 .text.irq_is_enabled
                0x10000598       0x18 Arducam/CMakeFiles/arducam_demo.dir/Users/henry/.pico-sdk/sdk/2.2.0/src/rp2_common/hardware_irq/irq.c.o
                0x10000598                irq_is_enabled
 .text.irq_set_pending
                0x100005b0       0x10 Arducam/CMakeFiles/arducam_demo.dir/Users/henry/.pico-sdk/sdk/2.2.0/src/rp2_common/hardware_irq/irq.c.o
                0x100005b0                irq_set_pending
 .text.irq_has_shared_handler
                0x100005c0       0x24 Arducam/CMakeFiles/arducam_demo.dir/Users/henry/.pico-sdk/sdk/2.2.0/src/rp2_common/hardware_irq/irq.c.o
                0x100005c0                irq_has_shared_handler
 .text.irq_set_exclusive_handler
                0x100005e4       0x54 Arducam/CMakeFiles/arducam_demo.dir/Users/henry/.pico-sdk/sdk/2.2.0/src/rp2_common/hardware_irq/irq.c.o
                0x100005e4                irq_set_exclusive_handler
 .text.irq_add_shared_handler
                0x10000638      0x1f4 Arducam/CMakeFiles/arducam_demo.dir/Users/henry/.pico-sdk/sdk/2.2.0/src/rp2_common/hardware_irq/irq.c.o
                0x10000638                irq_add_shared_handler
 .text.irq_add_tail_to_free_list
                0x1000082c       0xb4 Arducam/CMakeFiles/arducam_demo.dir/Users/henry/.pico-sdk/sdk/2.2.0/src/rp2_common/hardware_irq/irq.c.o
                0x1000082c                irq_add_tail_to_free_list
 .text.user_irq_claim_unused
                0x100008e0       0x2c Arducam/CMakeFiles/arducam_demo.dir/Users/henry/.pico-sdk/sdk/2.2.0/src/rp2_common/hardware_irq/irq.c.o
                0x100008e0                user_irq_claim_unused
 .text.lock_init
                0x1000090c       0x10 Arducam/CMakeFiles/arducam_demo.dir/Users/henry/.pico-sdk/sdk/2.2.0/src/common/pico_sync/lock_core.c.o
                0x1000090c                lock_init
 .text.runtime_init_mutex
                0x1000091c       0x50 Arducam/CMakeFiles/arducam_demo.dir/Users/henry/.pico-sdk/sdk/2.2.0/src/common/pico_sync/mutex.c.o
                0x1000091c                runtime_init_mutex
 .text.mutex_init
                0x1000096c       0x1c Arducam/CMakeFiles/arducam_demo.dir/Users/henry/.pico-sdk/sdk/2.2.0/src/common/pico_sync/mutex.c.o
                0x1000096c                mutex_init
 .text.critical_section_init
                0x10000988       0x1c Arducam/CMakeFiles/arducam_demo.dir/Users/henry/.pico-sdk/sdk/2.2.0/src/common/pico_sync/critical_section.c.o
                0x10000988                critical_section_init
 .text.critical_section_init_with_lock_num
                0x100009a4       0x14 Arducam/CMakeFiles/arducam_demo.dir/Users/henry/.pico-sdk/sdk/2.2.0/src/common/pico_sync/critical_section.c.o
                0x100009a4                critical_section_init_with_lock_num
 .text.sleep_until_callback
                0x100009b8       0x30 Arducam/CMakeFiles/arducam_demo.dir/Users/henry/.pico-sdk/sdk/2.2.0/src/common/pico_time/time.c.o
 .text.alarm_pool_irq_handler
                0x100009e8      0x300 Arducam/CMakeFiles/arducam_demo.dir/Users/henry/.pico-sdk/sdk/2.2.0/src/common/pico_time/time.c.o
 .text.runtime_init_default_alarm_pool
                0x10000ce8       0xdc Arducam/CMakeFiles/arducam_demo.dir/Users/henry/.pico-sdk/sdk/2.2.0/src/common/pico_time/time.c.o
                0x10000ce8                runtime_init_default_alarm_pool
 .text.alarm_pool_get_default
                0x10000dc4        0x8 Arducam/CMakeFiles/arducam_demo.dir/Users/henry/.pico-sdk/sdk/2.2.0/src/common/pico_time/time.c.o
                0x10000dc4                alarm_pool_get_default
 .text.alarm_pool_add_alarm_at
                0x10000dcc       0xd0 Arducam/CMakeFiles/arducam_demo.dir/Users/henry/.pico-sdk/sdk/2.2.0/src/common/pico_time/time.c.o
                0x10000dcc                alarm_pool_add_alarm_at
 .text.alarm_pool_add_alarm_at_force_in_context
                0x10000e9c       0xb0 Arducam/CMakeFiles/arducam_demo.dir/Users/henry/.pico-sdk/sdk/2.2.0/src/common/pico_time/time.c.o
                0x10000e9c                alarm_pool_add_alarm_at_force_in_context
 .text.alarm_pool_cancel_alarm
                0x10000f4c       0x74 Arducam/CMakeFiles/arducam_demo.dir/Users/henry/.pico-sdk/sdk/2.2.0/src/common/pico_time/time.c.o
                0x10000f4c                alarm_pool_cancel_alarm
 .text.alarm_pool_core_num
                0x10000fc0        0x4 Arducam/CMakeFiles/arducam_demo.dir/Users/henry/.pico-sdk/sdk/2.2.0/src/common/pico_time/time.c.o
                0x10000fc0                alarm_pool_core_num
 .text.sleep_ms
                0x10000fc4       0xfc Arducam/CMakeFiles/arducam_demo.dir/Users/henry/.pico-sdk/sdk/2.2.0/src/common/pico_time/time.c.o
                0x10000fc4                sleep_ms
 .text.best_effort_wfe_or_timeout
                0x100010c0      0x10c Arducam/CMakeFiles/arducam_demo.dir/Users/henry/.pico-sdk/sdk/2.2.0/src/common/pico_time/time.c.o
                0x100010c0                best_effort_wfe_or_timeout
 .text.timer_hardware_alarm_claim
                0x100011cc       0x14 Arducam/CMakeFiles/arducam_demo.dir/Users/henry/.pico-sdk/sdk/2.2.0/src/rp2_common/hardware_timer/timer.c.o
                0x100011cc                timer_hardware_alarm_claim
 .text.timer_time_us_64
                0x100011e0       0x10 Arducam/CMakeFiles/arducam_demo.dir/Users/henry/.pico-sdk/sdk/2.2.0/src/rp2_common/hardware_timer/timer.c.o
                0x100011e0                timer_time_us_64
 .text.time_us_64
                0x100011f0       0x14 Arducam/CMakeFiles/arducam_demo.dir/Users/henry/.pico-sdk/sdk/2.2.0/src/rp2_common/hardware_timer/timer.c.o
                0x100011f0                time_us_64
 .text.busy_wait_us
                0x10001204       0x68 Arducam/CMakeFiles/arducam_demo.dir/Users/henry/.pico-sdk/sdk/2.2.0/src/rp2_common/hardware_timer/timer.c.o
                0x10001204                busy_wait_us
 .text.busy_wait_until
                0x1000126c       0x20 Arducam/CMakeFiles/arducam_demo.dir/Users/henry/.pico-sdk/sdk/2.2.0/src/rp2_common/hardware_timer/timer.c.o
                0x1000126c                busy_wait_until
 .text.uart_init
                0x1000128c      0x120 Arducam/CMakeFiles/arducam_demo.dir/Users/henry/.pico-sdk/sdk/2.2.0/src/rp2_common/hardware_uart/uart.c.o
                0x1000128c                uart_init
 .text.uart_set_format
                0x100013ac       0x78 Arducam/CMakeFiles/arducam_demo.dir/Users/henry/.pico-sdk/sdk/2.2.0/src/rp2_common/hardware_uart/uart.c.o
                0x100013ac                uart_set_format
 .text.uart_set_fifo_enabled
                0x10001424       0x5c Arducam/CMakeFiles/arducam_demo.dir/Users/henry/.pico-sdk/sdk/2.2.0/src/rp2_common/hardware_uart/uart.c.o
                0x10001424                uart_set_fifo_enabled
 .text.clock_configure_int_divider
                0x10001480       0xf4 Arducam/CMakeFiles/arducam_demo.dir/Users/henry/.pico-sdk/sdk/2.2.0/src/rp2_common/hardware_clocks/clocks.c.o
                0x10001480                clock_configure_int_divider
 .text.clock_configure_undivided
                0x10001574       0xe8 Arducam/CMakeFiles/arducam_demo.dir/Users/henry/.pico-sdk/sdk/2.2.0/src/rp2_common/hardware_clocks/clocks.c.o
                0x10001574                clock_configure_undivided
 .text.clock_get_hz
                0x1000165c        0xc Arducam/CMakeFiles/arducam_demo.dir/Users/henry/.pico-sdk/sdk/2.2.0/src/rp2_common/hardware_clocks/clocks.c.o
                0x1000165c                clock_get_hz
 .text.pll_init
                0x10001668       0xa4 Arducam/CMakeFiles/arducam_demo.dir/Users/henry/.pico-sdk/sdk/2.2.0/src/rp2_common/hardware_pll/pll.c.o
                0x10001668                pll_init
 .text.watchdog_reboot
                0x1000170c       0x9c Arducam/CMakeFiles/arducam_demo.dir/Users/henry/.pico-sdk/sdk/2.2.0/src/rp2_common/hardware_watchdog/watchdog.c.o
                0x1000170c                watchdog_reboot
 .text.tick_start
                0x100017a8       0x10 Arducam/CMakeFiles/arducam_demo.dir/Users/henry/.pico-sdk/sdk/2.2.0/src/rp2_common/hardware_ticks/ticks.c.o
                0x100017a8                tick_start
 .text.rom_func_lookup
                0x100017b8       0x10 Arducam/CMakeFiles/arducam_demo.dir/Users/henry/.pico-sdk/sdk/2.2.0/src/rp2_common/pico_bootrom/bootrom.c.o
                0x100017b8                rom_func_lookup
 .text.rom_data_lookup
                0x100017c8       0x10 Arducam/CMakeFiles/arducam_demo.dir/Users/henry/.pico-sdk/sdk/2.2.0/src/rp2_common/pico_bootrom/bootrom.c.o
                0x100017c8                rom_data_lookup
 .text.rom_funcs_lookup
                0x100017d8       0x44 Arducam/CMakeFiles/arducam_demo.dir/Users/henry/.pico-sdk/sdk/2.2.0/src/rp2_common/pico_bootrom/bootrom.c.o
                0x100017d8                rom_funcs_lookup
 .text.rom_reset_usb_boot_extra
                0x1000181c       0x24 Arducam/CMakeFiles/arducam_demo.dir/Users/henry/.pico-sdk/sdk/2.2.0/src/rp2_common/pico_bootrom/bootrom.c.o
                0x1000181c                rom_reset_usb_boot_extra
 .text.xosc_init
                0x10001840       0x28 Arducam/CMakeFiles/arducam_demo.dir/Users/henry/.pico-sdk/sdk/2.2.0/src/rp2_common/hardware_xosc/xosc.c.o
                0x10001840                xosc_init
 .text.first_per_core_initializer
                0x10001868        0x4 Arducam/CMakeFiles/arducam_demo.dir/Users/henry/.pico-sdk/sdk/2.2.0/src/rp2_common/pico_runtime/runtime.c.o
 .text.hard_assertion_failure
                0x1000186c        0xc Arducam/CMakeFiles/arducam_demo.dir/Users/henry/.pico-sdk/sdk/2.2.0/src/rp2_common/pico_runtime/runtime.c.o
                0x1000186c                hard_assertion_failure
 .text.runtime_run_initializers
                0x10001878       0x28 Arducam/CMakeFiles/arducam_demo.dir/Users/henry/.pico-sdk/sdk/2.2.0/src/rp2_common/pico_runtime/runtime.c.o
                0x10001878                runtime_run_initializers
 .text.runtime_init_early_resets
                0x100018a0       0x2c Arducam/CMakeFiles/arducam_demo.dir/Users/henry/.pico-sdk/sdk/2.2.0/src/rp2_common/pico_runtime_init/runtime_init.c.o
                0x100018a0                runtime_init_early_resets
 .text.runtime_init_usb_power_down
                0x100018cc       0x1c Arducam/CMakeFiles/arducam_demo.dir/Users/henry/.pico-sdk/sdk/2.2.0/src/rp2_common/pico_runtime_init/runtime_init.c.o
                0x100018cc                runtime_init_usb_power_down
 .text.runtime_init_post_clock_resets
                0x100018e8       0x20 Arducam/CMakeFiles/arducam_demo.dir/Users/henry/.pico-sdk/sdk/2.2.0/src/rp2_common/pico_runtime_init/runtime_init.c.o
                0x100018e8                runtime_init_post_clock_resets
 .text.runtime_init_rp2040_gpio_ie_disable
                0x10001908       0x14 Arducam/CMakeFiles/arducam_demo.dir/Users/henry/.pico-sdk/sdk/2.2.0/src/rp2_common/pico_runtime_init/runtime_init.c.o
                0x10001908                runtime_init_rp2040_gpio_ie_disable
 .text.runtime_init_spin_locks_reset
                0x1000191c        0x8 Arducam/CMakeFiles/arducam_demo.dir/Users/henry/.pico-sdk/sdk/2.2.0/src/rp2_common/pico_runtime_init/runtime_init.c.o
                0x1000191c                runtime_init_spin_locks_reset
 .text.runtime_init_install_ram_vector_table
                0x10001924       0xb4 Arducam/CMakeFiles/arducam_demo.dir/Users/henry/.pico-sdk/sdk/2.2.0/src/rp2_common/pico_runtime_init/runtime_init.c.o
                0x10001924                runtime_init_install_ram_vector_table
 .text.runtime_init_clocks
                0x100019d8       0xd8 Arducam/CMakeFiles/arducam_demo.dir/Users/henry/.pico-sdk/sdk/2.2.0/src/rp2_common/pico_runtime_init/runtime_init_clocks.c.o
                0x100019d8                runtime_init_clocks
 .text          0x10001ab0       0x10 Arducam/CMakeFiles/arducam_demo.dir/Users/henry/.pico-sdk/sdk/2.2.0/src/rp2_common/pico_bit_ops/bit_ops_aeabi.S.o
 .text.__wrap___aeabi_idiv
                0x10001ac0       0x50 Arducam/CMakeFiles/arducam_demo.dir/Users/henry/.pico-sdk/sdk/2.2.0/src/rp2_common/pico_divider/divider_hardware.S.o
                0x10001ac0                __wrap___aeabi_idivmod
                0x10001ac0                divmod_s32s32
                0x10001ac0                div_s32s32
                0x10001ac0                __wrap___aeabi_idiv
                0x10001ac8                divmod_s32s32_unsafe
                0x10001af4                divmod_s32s32_savestate
 .text.__wrap___aeabi_uidiv
                0x10001b10       0x4c Arducam/CMakeFiles/arducam_demo.dir/Users/henry/.pico-sdk/sdk/2.2.0/src/rp2_common/pico_divider/divider_hardware.S.o
                0x10001b10                __wrap___aeabi_uidiv
                0x10001b10                __wrap___aeabi_uidivmod
                0x10001b10                div_u32u32
                0x10001b10                divmod_u32u32
                0x10001b18                divmod_u32u32_unsafe
                0x10001b40                divmod_u32u32_savestate
 .text.__wrap___aeabi_ldiv
                0x10001b5c      0x424 Arducam/CMakeFiles/arducam_demo.dir/Users/henry/.pico-sdk/sdk/2.2.0/src/rp2_common/pico_divider/divider_hardware.S.o
                0x10001b5c                __wrap___aeabi_ldivmod
                0x10001b5c                div_s64s64
                0x10001b5c                divmod_s64s64
                0x10001b8c                divmod_u64u64
                0x10001b8c                div_u64u64
                0x10001b8c                __wrap___aeabi_uldivmod
                0x10001b9c                divmod_u64u64_savestate
                0x10001bbc                divmod_s64s64_unsafe
                0x10001c44                divmod_u64u64_unsafe
 .text.__wrap___aeabi_darithmetic
                0x10001f80       0x80 Arducam/CMakeFiles/arducam_demo.dir/Users/henry/.pico-sdk/sdk/2.2.0/src/rp2_common/pico_double/double_aeabi_rp2040.S.o
                0x10001f80                __wrap___aeabi_drsub
                0x10001f86                __wrap___aeabi_dsub
                0x10001f98                __wrap___aeabi_dadd
                0x10001faa                __wrap___aeabi_ddiv
                0x10001fe6                __wrap___aeabi_dmul
 .text.__wrap___aeabi_cdcmple
                0x10002000       0x6c Arducam/CMakeFiles/arducam_demo.dir/Users/henry/.pico-sdk/sdk/2.2.0/src/rp2_common/pico_double/double_aeabi_rp2040.S.o
                0x10002000                __wrap___aeabi_cdrcmple
                0x10002010                __wrap___aeabi_cdcmple
                0x10002010                __wrap___aeabi_cdcmpeq
 .text.__wrap___aeabi_dcmplt
                0x1000206c        0xc Arducam/CMakeFiles/arducam_demo.dir/Users/henry/.pico-sdk/sdk/2.2.0/src/rp2_common/pico_double/double_aeabi_rp2040.S.o
                0x1000206c                __wrap___aeabi_dcmplt
 .text.__wrap___aeabi_dcmple
                0x10002078       0x10 Arducam/CMakeFiles/arducam_demo.dir/Users/henry/.pico-sdk/sdk/2.2.0/src/rp2_common/pico_double/double_aeabi_rp2040.S.o
                0x10002078                __wrap___aeabi_dcmple
 .text.__wrap___aeabi_dcmpge
                0x10002088       0x10 Arducam/CMakeFiles/arducam_demo.dir/Users/henry/.pico-sdk/sdk/2.2.0/src/rp2_common/pico_double/double_aeabi_rp2040.S.o
                0x10002088                __wrap___aeabi_dcmpge
 .text.__wrap___aeabi_dcmpgt
                0x10002098        0xa Arducam/CMakeFiles/arducam_demo.dir/Users/henry/.pico-sdk/sdk/2.2.0/src/rp2_common/pico_double/double_aeabi_rp2040.S.o
                0x10002098                __wrap___aeabi_dcmpgt
 .text.__wrap___aeabi_dcmpun
                0x100020a2       0x18 Arducam/CMakeFiles/arducam_demo.dir/Users/henry/.pico-sdk/sdk/2.2.0/src/rp2_common/pico_double/double_aeabi_rp2040.S.o
                0x100020a2                __wrap___aeabi_dcmpun
 *fill*         0x100020ba        0x2 
 .text.__wrap___aeabi_i2d
                0x100020bc       0x38 Arducam/CMakeFiles/arducam_demo.dir/Users/henry/.pico-sdk/sdk/2.2.0/src/rp2_common/pico_double/double_aeabi_rp2040.S.o
                0x100020bc                __wrap___aeabi_ui2d
                0x100020bc                uint2double
                0x100020c4                __wrap___aeabi_i2d
                0x100020c4                int2double
 .text.__wrap___aeabi_d2iz
                0x100020f4       0x48 Arducam/CMakeFiles/arducam_demo.dir/Users/henry/.pico-sdk/sdk/2.2.0/src/rp2_common/pico_double/double_aeabi_rp2040.S.o
                0x100020f4                __wrap___aeabi_d2iz
                0x100020f4                double2int_z
 .text.__wrap___aeabi_d2uiz
                0x1000213c       0x18 Arducam/CMakeFiles/arducam_demo.dir/Users/henry/.pico-sdk/sdk/2.2.0/src/rp2_common/pico_double/double_aeabi_rp2040.S.o
                0x1000213c                double2uint_z
                0x1000213c                double2uint
                0x1000213c                __wrap___aeabi_d2uiz
 .text.__aeabi_double_init
                0x10002154       0xa4 Arducam/CMakeFiles/arducam_demo.dir/Users/henry/.pico-sdk/sdk/2.2.0/src/rp2_common/pico_double/double_init_rom_rp2040.c.o
                0x10002154                __aeabi_double_init
 .text.double_table_shim_on_use_helper
                0x100021f8       0x2c Arducam/CMakeFiles/arducam_demo.dir/Users/henry/.pico-sdk/sdk/2.2.0/src/rp2_common/pico_double/double_v1_rom_shim_rp2040.S.o
                0x100021f8                double_table_shim_on_use_helper
 .text.__wrap___aeabi_dsub
                0x10002224       0x10 Arducam/CMakeFiles/arducam_demo.dir/Users/henry/.pico-sdk/sdk/2.2.0/src/rp2_common/pico_double/double_v1_rom_shim_rp2040.S.o
                0x10002224                drsub_shim
                0x1000222a                dsub_shim
 .text.dadd_shim
                0x10002234      0x15c Arducam/CMakeFiles/arducam_demo.dir/Users/henry/.pico-sdk/sdk/2.2.0/src/rp2_common/pico_double/double_v1_rom_shim_rp2040.S.o
                0x10002234                dadd_shim
 .text.dmul_shim
                0x10002390      0x15c Arducam/CMakeFiles/arducam_demo.dir/Users/henry/.pico-sdk/sdk/2.2.0/src/rp2_common/pico_double/double_v1_rom_shim_rp2040.S.o
                0x10002390                dmul_shim
 .text.ddiv_shim
                0x100024ec      0x1b0 Arducam/CMakeFiles/arducam_demo.dir/Users/henry/.pico-sdk/sdk/2.2.0/src/rp2_common/pico_double/double_v1_rom_shim_rp2040.S.o
                0x100024ec                ddiv_shim
 .text.double2uint_shim
                0x1000269c        0xe Arducam/CMakeFiles/arducam_demo.dir/Users/henry/.pico-sdk/sdk/2.2.0/src/rp2_common/pico_double/double_v1_rom_shim_rp2040.S.o
                0x1000269c                double2uint_shim
                0x1000269e                double2ufix_shim
 *fill*         0x100026aa        0x2 
 .text.double2uint64_shim
                0x100026ac       0x70 Arducam/CMakeFiles/arducam_demo.dir/Users/henry/.pico-sdk/sdk/2.2.0/src/rp2_common/pico_double/double_v1_rom_shim_rp2040.S.o
                0x100026ac                double2uint64_shim
                0x100026ae                double2ufix64_shim
                0x100026ce                d2fix_a
 .text.dunpacks
                0x1000271c       0x3c Arducam/CMakeFiles/arducam_demo.dir/Users/henry/.pico-sdk/sdk/2.2.0/src/rp2_common/pico_double/double_v1_rom_shim_rp2040.S.o
                0x1000271c                dunpacks
 .text.__aeabi_lmul
                0x10002758       0x32 Arducam/CMakeFiles/arducam_demo.dir/Users/henry/.pico-sdk/sdk/2.2.0/src/rp2_common/pico_int64_ops/pico_int64_ops_aeabi.S.o
                0x10002758                __wrap___aeabi_lmul
 *fill*         0x1000278a        0x2 
 .text.__aeabi_float_init
                0x1000278c       0x64 Arducam/CMakeFiles/arducam_demo.dir/Users/henry/.pico-sdk/sdk/2.2.0/src/rp2_common/pico_float/float_init_rom_rp2040.c.o
                0x1000278c                __aeabi_float_init
 .text.float_table_shim_on_use_helper
                0x100027f0       0x2c Arducam/CMakeFiles/arducam_demo.dir/Users/henry/.pico-sdk/sdk/2.2.0/src/rp2_common/pico_float/float_v1_rom_shim_rp2040.S.o
                0x100027f0                float_table_shim_on_use_helper
 .text          0x1000281c       0x10 Arducam/CMakeFiles/arducam_demo.dir/Users/henry/.pico-sdk/sdk/2.2.0/src/rp2_common/pico_mem_ops/mem_ops_aeabi.S.o
                0x1000281c                __aeabi_mem_init
 .text.memset   0x1000282c        0xc Arducam/CMakeFiles/arducam_demo.dir/Users/henry/.pico-sdk/sdk/2.2.0/src/rp2_common/pico_mem_ops/mem_ops_aeabi.S.o
                0x1000282c                __wrap_memset
 .text.memcpy   0x10002838        0xc Arducam/CMakeFiles/arducam_demo.dir/Users/henry/.pico-sdk/sdk/2.2.0/src/rp2_common/pico_mem_ops/mem_ops_aeabi.S.o
                0x10002838                __wrap___aeabi_memcpy
                0x10002838                __wrap_memcpy
 .text._out_null
                0x10002844        0x4 Arducam/CMakeFiles/arducam_demo.dir/Users/henry/.pico-sdk/sdk/2.2.0/src/rp2_common/pico_printf/printf.c.o
 .text._out_rev
                0x10002848       0xac Arducam/CMakeFiles/arducam_demo.dir/Users/henry/.pico-sdk/sdk/2.2.0/src/rp2_common/pico_printf/printf.c.o
 .text._ntoa_format
                0x100028f4      0x1cc Arducam/CMakeFiles/arducam_demo.dir/Users/henry/.pico-sdk/sdk/2.2.0/src/rp2_common/pico_printf/printf.c.o
 .text._out_char
                0x10002ac0       0x10 Arducam/CMakeFiles/arducam_demo.dir/Users/henry/.pico-sdk/sdk/2.2.0/src/rp2_common/pico_printf/printf.c.o
 .text._out_fct
                0x10002ad0       0x10 Arducam/CMakeFiles/arducam_demo.dir/Users/henry/.pico-sdk/sdk/2.2.0/src/rp2_common/pico_printf/printf.c.o
 .text._ftoa    0x10002ae0      0x4a8 Arducam/CMakeFiles/arducam_demo.dir/Users/henry/.pico-sdk/sdk/2.2.0/src/rp2_common/pico_printf/printf.c.o
 .text._etoa    0x10002f88      0x57c Arducam/CMakeFiles/arducam_demo.dir/Users/henry/.pico-sdk/sdk/2.2.0/src/rp2_common/pico_printf/printf.c.o
 .text._vsnprintf
                0x10003504      0xbe0 Arducam/CMakeFiles/arducam_demo.dir/Users/henry/.pico-sdk/sdk/2.2.0/src/rp2_common/pico_printf/printf.c.o
 .text.vfctprintf
                0x100040e4       0x24 Arducam/CMakeFiles/arducam_demo.dir/Users/henry/.pico-sdk/sdk/2.2.0/src/rp2_common/pico_printf/printf.c.o
                0x100040e4                vfctprintf
 .text.weak_raw_vprintf
                0x10004108       0x30 Arducam/CMakeFiles/arducam_demo.dir/Users/henry/.pico-sdk/sdk/2.2.0/src/rp2_common/pico_printf/printf.c.o
                0x10004108                weak_raw_vprintf
 .text._exit    0x10004138        0x4 Arducam/CMakeFiles/arducam_demo.dir/Users/henry/.pico-sdk/sdk/2.2.0/src/rp2_common/pico_clib_interface/newlib_interface.c.o
                0x10004138                _exit
 .text._sbrk    0x1000413c       0x34 Arducam/CMakeFiles/arducam_demo.dir/Users/henry/.pico-sdk/sdk/2.2.0/src/rp2_common/pico_clib_interface/newlib_interface.c.o
                0x1000413c                _sbrk
 .text._read    0x10004170       0x24 Arducam/CMakeFiles/arducam_demo.dir/Users/henry/.pico-sdk/sdk/2.2.0/src/rp2_common/pico_clib_interface/newlib_interface.c.o
                0x10004170                _read
 .text._write   0x10004194       0x24 Arducam/CMakeFiles/arducam_demo.dir/Users/henry/.pico-sdk/sdk/2.2.0/src/rp2_common/pico_clib_interface/newlib_interface.c.o
                0x10004194                _write
 .text._close   0x100041b8        0x8 Arducam/CMakeFiles/arducam_demo.dir/Users/henry/.pico-sdk/sdk/2.2.0/src/rp2_common/pico_clib_interface/newlib_interface.c.o
                0x100041b8                _close
 .text._lseek   0x100041c0        0x8 Arducam/CMakeFiles/arducam_demo.dir/Users/henry/.pico-sdk/sdk/2.2.0/src/rp2_common/pico_clib_interface/newlib_interface.c.o
                0x100041c0                _lseek
 .text.exit     0x100041c8        0x8 Arducam/CMakeFiles/arducam_demo.dir/Users/henry/.pico-sdk/sdk/2.2.0/src/rp2_common/pico_clib_interface/newlib_interface.c.o
                0x100041c8                exit
 .text.runtime_init
                0x100041d0       0x2c Arducam/CMakeFiles/arducam_demo.dir/Users/henry/.pico-sdk/sdk/2.2.0/src/rp2_common/pico_clib_interface/newlib_interface.c.o
                0x100041d0                runtime_init
 .text.stdio_out_chars_no_crlf
                0x100041fc       0x10 Arducam/CMakeFiles/arducam_demo.dir/Users/henry/.pico-sdk/sdk/2.2.0/src/rp2_common/pico_stdio/stdio.c.o
 .text.stdio_out_chars_crlf
                0x1000420c       0xb0 Arducam/CMakeFiles/arducam_demo.dir/Users/henry/.pico-sdk/sdk/2.2.0/src/rp2_common/pico_stdio/stdio.c.o
 .text.stdio_buffered_printer
                0x100042bc       0x64 Arducam/CMakeFiles/arducam_demo.dir/Users/henry/.pico-sdk/sdk/2.2.0/src/rp2_common/pico_stdio/stdio.c.o
 .text.stdio_put_string
                0x10004320       0xfc Arducam/CMakeFiles/arducam_demo.dir/Users/henry/.pico-sdk/sdk/2.2.0/src/rp2_common/pico_stdio/stdio.c.o
                0x10004320                stdio_put_string
 .text.stdio_get_until
                0x1000441c       0x84 Arducam/CMakeFiles/arducam_demo.dir/Users/henry/.pico-sdk/sdk/2.2.0/src/rp2_common/pico_stdio/stdio.c.o
                0x1000441c                stdio_get_until
 .text.stdio_putchar_raw
                0x100044a0       0x94 Arducam/CMakeFiles/arducam_demo.dir/Users/henry/.pico-sdk/sdk/2.2.0/src/rp2_common/pico_stdio/stdio.c.o
                0x100044a0                stdio_putchar_raw
 .text.stdio_set_driver_enabled
                0x10004534       0x30 Arducam/CMakeFiles/arducam_demo.dir/Users/henry/.pico-sdk/sdk/2.2.0/src/rp2_common/pico_stdio/stdio.c.o
                0x10004534                stdio_set_driver_enabled
 .text.stdio_init_all
                0x10004564        0x8 Arducam/CMakeFiles/arducam_demo.dir/Users/henry/.pico-sdk/sdk/2.2.0/src/rp2_common/pico_stdio/stdio.c.o
                0x10004564                stdio_init_all
 .text.__wrap_putchar
                0x1000456c       0x94 Arducam/CMakeFiles/arducam_demo.dir/Users/henry/.pico-sdk/sdk/2.2.0/src/rp2_common/pico_stdio/stdio.c.o
                0x1000456c                stdio_putchar
                0x1000456c                __wrap_putchar
 .text.__wrap_puts
                0x10004600       0x3c Arducam/CMakeFiles/arducam_demo.dir/Users/henry/.pico-sdk/sdk/2.2.0/src/rp2_common/pico_stdio/stdio.c.o
                0x10004600                __wrap_puts
                0x10004600                stdio_puts
 .text.__wrap_vprintf
                0x1000463c       0xcc Arducam/CMakeFiles/arducam_demo.dir/Users/henry/.pico-sdk/sdk/2.2.0/src/rp2_common/pico_stdio/stdio.c.o
                0x1000463c                __wrap_vprintf
                0x1000463c                stdio_vprintf
 .text.__wrap_printf
                0x10004708       0x18 Arducam/CMakeFiles/arducam_demo.dir/Users/henry/.pico-sdk/sdk/2.2.0/src/rp2_common/pico_stdio/stdio.c.o
                0x10004708                stdio_printf
                0x10004708                __wrap_printf
 .text.resetd_init
                0x10004720        0x4 Arducam/CMakeFiles/arducam_demo.dir/Users/henry/.pico-sdk/sdk/2.2.0/src/rp2_common/pico_stdio_usb/reset_interface.c.o
 .text.resetd_reset
                0x10004724        0xc Arducam/CMakeFiles/arducam_demo.dir/Users/henry/.pico-sdk/sdk/2.2.0/src/rp2_common/pico_stdio_usb/reset_interface.c.o
 .text.resetd_open
                0x10004730       0x28 Arducam/CMakeFiles/arducam_demo.dir/Users/henry/.pico-sdk/sdk/2.2.0/src/rp2_common/pico_stdio_usb/reset_interface.c.o
 .text.resetd_xfer_cb
                0x10004758        0x4 Arducam/CMakeFiles/arducam_demo.dir/Users/henry/.pico-sdk/sdk/2.2.0/src/rp2_common/pico_stdio_usb/reset_interface.c.o
 .text.resetd_control_xfer_cb
                0x1000475c       0x54 Arducam/CMakeFiles/arducam_demo.dir/Users/henry/.pico-sdk/sdk/2.2.0/src/rp2_common/pico_stdio_usb/reset_interface.c.o
 .text.tud_descriptor_bos_cb
                0x100047b0        0x8 Arducam/CMakeFiles/arducam_demo.dir/Users/henry/.pico-sdk/sdk/2.2.0/src/rp2_common/pico_stdio_usb/reset_interface.c.o
                0x100047b0                tud_descriptor_bos_cb
 .text.tud_vendor_control_xfer_cb
                0x100047b8       0x34 Arducam/CMakeFiles/arducam_demo.dir/Users/henry/.pico-sdk/sdk/2.2.0/src/rp2_common/pico_stdio_usb/reset_interface.c.o
                0x100047b8                tud_vendor_control_xfer_cb
 .text.usbd_app_driver_get_cb
                0x100047ec        0xc Arducam/CMakeFiles/arducam_demo.dir/Users/henry/.pico-sdk/sdk/2.2.0/src/rp2_common/pico_stdio_usb/reset_interface.c.o
                0x100047ec                usbd_app_driver_get_cb
 .text.tud_cdc_line_coding_cb
                0x100047f8       0x2c Arducam/CMakeFiles/arducam_demo.dir/Users/henry/.pico-sdk/sdk/2.2.0/src/rp2_common/pico_stdio_usb/reset_interface.c.o
                0x100047f8                tud_cdc_line_coding_cb
 .text.stdio_usb_set_chars_available_callback
                0x10004824       0x14 Arducam/CMakeFiles/arducam_demo.dir/Users/henry/.pico-sdk/sdk/2.2.0/src/rp2_common/pico_stdio_usb/stdio_usb.c.o
                0x10004824                stdio_usb_set_chars_available_callback
 .text.usb_irq  0x10004838       0x10 Arducam/CMakeFiles/arducam_demo.dir/Users/henry/.pico-sdk/sdk/2.2.0/src/rp2_common/pico_stdio_usb/stdio_usb.c.o
 .text.timer_task
                0x10004848       0x64 Arducam/CMakeFiles/arducam_demo.dir/Users/henry/.pico-sdk/sdk/2.2.0/src/rp2_common/pico_stdio_usb/stdio_usb.c.o
 .text.stdio_usb_in_chars
                0x100048ac       0x8c Arducam/CMakeFiles/arducam_demo.dir/Users/henry/.pico-sdk/sdk/2.2.0/src/rp2_common/pico_stdio_usb/stdio_usb.c.o
                0x100048ac                stdio_usb_in_chars
 .text.stdio_usb_out_flush
                0x10004938       0x4c Arducam/CMakeFiles/arducam_demo.dir/Users/henry/.pico-sdk/sdk/2.2.0/src/rp2_common/pico_stdio_usb/stdio_usb.c.o
 .text.stdio_usb_out_chars
                0x10004984      0x100 Arducam/CMakeFiles/arducam_demo.dir/Users/henry/.pico-sdk/sdk/2.2.0/src/rp2_common/pico_stdio_usb/stdio_usb.c.o
 .text.low_priority_worker_irq
                0x10004a84       0xc8 Arducam/CMakeFiles/arducam_demo.dir/Users/henry/.pico-sdk/sdk/2.2.0/src/rp2_common/pico_stdio_usb/stdio_usb.c.o
 .text.stdio_usb_init
                0x10004b4c       0xe8 Arducam/CMakeFiles/arducam_demo.dir/Users/henry/.pico-sdk/sdk/2.2.0/src/rp2_common/pico_stdio_usb/stdio_usb.c.o
                0x10004b4c                stdio_usb_init
 .text.tud_descriptor_device_cb
                0x10004c34        0x8 Arducam/CMakeFiles/arducam_demo.dir/Users/henry/.pico-sdk/sdk/2.2.0/src/rp2_common/pico_stdio_usb/stdio_usb_descriptors.c.o
                0x10004c34                tud_descriptor_device_cb
 .text.tud_descriptor_configuration_cb
                0x10004c3c        0x8 Arducam/CMakeFiles/arducam_demo.dir/Users/henry/.pico-sdk/sdk/2.2.0/src/rp2_common/pico_stdio_usb/stdio_usb_descriptors.c.o
                0x10004c3c                tud_descriptor_configuration_cb
 .text.tud_descriptor_string_cb
                0x10004c44       0x78 Arducam/CMakeFiles/arducam_demo.dir/Users/henry/.pico-sdk/sdk/2.2.0/src/rp2_common/pico_stdio_usb/stdio_usb_descriptors.c.o
                0x10004c44                tud_descriptor_string_cb
 .text.startup._retrieve_unique_id_on_boot
                0x10004cbc       0x10 Arducam/CMakeFiles/arducam_demo.dir/Users/henry/.pico-sdk/sdk/2.2.0/src/rp2_common/pico_unique_id/unique_id.c.o
 .text.pico_get_unique_board_id_string
                0x10004ccc      0x1a8 Arducam/CMakeFiles/arducam_demo.dir/Users/henry/.pico-sdk/sdk/2.2.0/src/rp2_common/pico_unique_id/unique_id.c.o
                0x10004ccc                pico_get_unique_board_id_string
 .text.flash_get_unique_id
                0x10004e74       0x3c Arducam/CMakeFiles/arducam_demo.dir/Users/henry/.pico-sdk/sdk/2.2.0/src/rp2_common/hardware_flash/flash.c.o
                0x10004e74                flash_get_unique_id
 .text.dcd_init
                0x10004eb0       0x90 Arducam/CMakeFiles/arducam_demo.dir/Users/henry/.pico-sdk/sdk/2.2.0/lib/tinyusb/src/portable/raspberrypi/rp2040/dcd_rp2040.c.o
                0x10004eb0                dcd_init
 .text.dcd_int_enable
                0x10004f40        0xc Arducam/CMakeFiles/arducam_demo.dir/Users/henry/.pico-sdk/sdk/2.2.0/lib/tinyusb/src/portable/raspberrypi/rp2040/dcd_rp2040.c.o
                0x10004f40                dcd_int_enable
 .text.dcd_set_address
                0x10004f4c       0x14 Arducam/CMakeFiles/arducam_demo.dir/Users/henry/.pico-sdk/sdk/2.2.0/lib/tinyusb/src/portable/raspberrypi/rp2040/dcd_rp2040.c.o
                0x10004f4c                dcd_set_address
 .text.dcd_sof_enable
                0x10004f60       0x1c Arducam/CMakeFiles/arducam_demo.dir/Users/henry/.pico-sdk/sdk/2.2.0/lib/tinyusb/src/portable/raspberrypi/rp2040/dcd_rp2040.c.o
                0x10004f60                dcd_sof_enable
 .text.dcd_edpt0_status_complete
                0x10004f7c       0x1c Arducam/CMakeFiles/arducam_demo.dir/Users/henry/.pico-sdk/sdk/2.2.0/lib/tinyusb/src/portable/raspberrypi/rp2040/dcd_rp2040.c.o
                0x10004f7c                dcd_edpt0_status_complete
 .text.dcd_edpt_open
                0x10004f98      0x114 Arducam/CMakeFiles/arducam_demo.dir/Users/henry/.pico-sdk/sdk/2.2.0/lib/tinyusb/src/portable/raspberrypi/rp2040/dcd_rp2040.c.o
                0x10004f98                dcd_edpt_open
 .text.dcd_edpt_close_all
                0x100050ac        0x8 Arducam/CMakeFiles/arducam_demo.dir/Users/henry/.pico-sdk/sdk/2.2.0/lib/tinyusb/src/portable/raspberrypi/rp2040/dcd_rp2040.c.o
                0x100050ac                dcd_edpt_close_all
 .text.dcd_edpt_xfer
                0x100050b4       0x24 Arducam/CMakeFiles/arducam_demo.dir/Users/henry/.pico-sdk/sdk/2.2.0/lib/tinyusb/src/portable/raspberrypi/rp2040/dcd_rp2040.c.o
                0x100050b4                dcd_edpt_xfer
 .text.dcd_edpt_stall
                0x100050d8       0x3c Arducam/CMakeFiles/arducam_demo.dir/Users/henry/.pico-sdk/sdk/2.2.0/lib/tinyusb/src/portable/raspberrypi/rp2040/dcd_rp2040.c.o
                0x100050d8                dcd_edpt_stall
 .text.dcd_edpt_clear_stall
                0x10005114       0x30 Arducam/CMakeFiles/arducam_demo.dir/Users/henry/.pico-sdk/sdk/2.2.0/lib/tinyusb/src/portable/raspberrypi/rp2040/dcd_rp2040.c.o
                0x10005114                dcd_edpt_clear_stall
 .text.rp2040_usb_init
                0x10005144       0x40 Arducam/CMakeFiles/arducam_demo.dir/Users/henry/.pico-sdk/sdk/2.2.0/lib/tinyusb/src/portable/raspberrypi/rp2040/rp2040_usb.c.o
                0x10005144                rp2040_usb_init
 .text.hw_endpoint_xfer_start
                0x10005184       0x40 Arducam/CMakeFiles/arducam_demo.dir/Users/henry/.pico-sdk/sdk/2.2.0/lib/tinyusb/src/portable/raspberrypi/rp2040/rp2040_usb.c.o
                0x10005184                hw_endpoint_xfer_start
 .text.tud_event_hook_cb
                0x100051c4        0x4 Arducam/CMakeFiles/arducam_demo.dir/Users/henry/.pico-sdk/sdk/2.2.0/lib/tinyusb/src/device/usbd.c.o
                0x100051c4                tud_event_hook_cb
 .text.tud_sof_cb
                0x100051c8        0x4 Arducam/CMakeFiles/arducam_demo.dir/Users/henry/.pico-sdk/sdk/2.2.0/lib/tinyusb/src/device/usbd.c.o
                0x100051c8                tud_sof_cb
 .text.tud_descriptor_device_qualifier_cb
                0x100051cc        0x4 Arducam/CMakeFiles/arducam_demo.dir/Users/henry/.pico-sdk/sdk/2.2.0/lib/tinyusb/src/device/usbd.c.o
                0x100051cc                tud_descriptor_device_qualifier_cb
 .text.tud_descriptor_other_speed_configuration_cb
                0x100051d0        0x4 Arducam/CMakeFiles/arducam_demo.dir/Users/henry/.pico-sdk/sdk/2.2.0/lib/tinyusb/src/device/usbd.c.o
                0x100051d0                tud_descriptor_other_speed_configuration_cb
 .text.tud_mount_cb
                0x100051d4        0x4 Arducam/CMakeFiles/arducam_demo.dir/Users/henry/.pico-sdk/sdk/2.2.0/lib/tinyusb/src/device/usbd.c.o
                0x100051d4                tud_mount_cb
 .text.tud_umount_cb
                0x100051d8        0x4 Arducam/CMakeFiles/arducam_demo.dir/Users/henry/.pico-sdk/sdk/2.2.0/lib/tinyusb/src/device/usbd.c.o
                0x100051d8                tud_umount_cb
 .text.tud_suspend_cb
                0x100051dc        0x4 Arducam/CMakeFiles/arducam_demo.dir/Users/henry/.pico-sdk/sdk/2.2.0/lib/tinyusb/src/device/usbd.c.o
                0x100051dc                tud_suspend_cb
 .text.tud_resume_cb
                0x100051e0        0x4 Arducam/CMakeFiles/arducam_demo.dir/Users/henry/.pico-sdk/sdk/2.2.0/lib/tinyusb/src/device/usbd.c.o
                0x100051e0                tud_resume_cb
 .text.tud_mounted
                0x100051e4       0x10 Arducam/CMakeFiles/arducam_demo.dir/Users/henry/.pico-sdk/sdk/2.2.0/lib/tinyusb/src/device/usbd.c.o
                0x100051e4                tud_mounted
 .text.tud_suspended
                0x100051f4       0x10 Arducam/CMakeFiles/arducam_demo.dir/Users/henry/.pico-sdk/sdk/2.2.0/lib/tinyusb/src/device/usbd.c.o
                0x100051f4                tud_suspended
 .text.tud_rhport_init
                0x10005204       0xf4 Arducam/CMakeFiles/arducam_demo.dir/Users/henry/.pico-sdk/sdk/2.2.0/lib/tinyusb/src/device/usbd.c.o
                0x10005204                tud_rhport_init
 .text.tud_task_ext
                0x100052f8      0x800 Arducam/CMakeFiles/arducam_demo.dir/Users/henry/.pico-sdk/sdk/2.2.0/lib/tinyusb/src/device/usbd.c.o
                0x100052f8                tud_task_ext
 .text.usbd_open_edpt_pair
                0x10005af8       0x9c Arducam/CMakeFiles/arducam_demo.dir/Users/henry/.pico-sdk/sdk/2.2.0/lib/tinyusb/src/device/usbd.c.o
                0x10005af8                usbd_open_edpt_pair
 .text.usbd_edpt_open
                0x10005b94       0x34 Arducam/CMakeFiles/arducam_demo.dir/Users/henry/.pico-sdk/sdk/2.2.0/lib/tinyusb/src/device/usbd.c.o
                0x10005b94                usbd_edpt_open
 .text.usbd_edpt_claim
                0x10005bc8       0x28 Arducam/CMakeFiles/arducam_demo.dir/Users/henry/.pico-sdk/sdk/2.2.0/lib/tinyusb/src/device/usbd.c.o
                0x10005bc8                usbd_edpt_claim
 .text.usbd_edpt_release
                0x10005bf0       0x28 Arducam/CMakeFiles/arducam_demo.dir/Users/henry/.pico-sdk/sdk/2.2.0/lib/tinyusb/src/device/usbd.c.o
                0x10005bf0                usbd_edpt_release
 .text.usbd_edpt_xfer
                0x10005c18       0x4c Arducam/CMakeFiles/arducam_demo.dir/Users/henry/.pico-sdk/sdk/2.2.0/lib/tinyusb/src/device/usbd.c.o
                0x10005c18                usbd_edpt_xfer
 .text.tud_control_status
                0x10005c64       0x2c Arducam/CMakeFiles/arducam_demo.dir/Users/henry/.pico-sdk/sdk/2.2.0/lib/tinyusb/src/device/usbd_control.c.o
                0x10005c64                tud_control_status
 .text.tud_control_xfer
                0x10005c90       0xa8 Arducam/CMakeFiles/arducam_demo.dir/Users/henry/.pico-sdk/sdk/2.2.0/lib/tinyusb/src/device/usbd_control.c.o
                0x10005c90                tud_control_xfer
 .text.usbd_control_reset
                0x10005d38       0x14 Arducam/CMakeFiles/arducam_demo.dir/Users/henry/.pico-sdk/sdk/2.2.0/lib/tinyusb/src/device/usbd_control.c.o
                0x10005d38                usbd_control_reset
 .text.usbd_control_set_complete_callback
                0x10005d4c        0xc Arducam/CMakeFiles/arducam_demo.dir/Users/henry/.pico-sdk/sdk/2.2.0/lib/tinyusb/src/device/usbd_control.c.o
                0x10005d4c                usbd_control_set_complete_callback
 .text.usbd_control_set_request
                0x10005d58       0x1c Arducam/CMakeFiles/arducam_demo.dir/Users/henry/.pico-sdk/sdk/2.2.0/lib/tinyusb/src/device/usbd_control.c.o
                0x10005d58                usbd_control_set_request
 .text.usbd_control_xfer_cb
                0x10005d74       0xec Arducam/CMakeFiles/arducam_demo.dir/Users/henry/.pico-sdk/sdk/2.2.0/lib/tinyusb/src/device/usbd_control.c.o
                0x10005d74                usbd_control_xfer_cb
 .text._prep_out_transaction.isra.0
                0x10005e60       0x6c Arducam/CMakeFiles/arducam_demo.dir/Users/henry/.pico-sdk/sdk/2.2.0/lib/tinyusb/src/class/cdc/cdc_device.c.o
 .text.tud_cdc_n_connected
                0x10005ecc       0x2c Arducam/CMakeFiles/arducam_demo.dir/Users/henry/.pico-sdk/sdk/2.2.0/lib/tinyusb/src/class/cdc/cdc_device.c.o
                0x10005ecc                tud_cdc_n_connected
 .text.tud_cdc_n_available
                0x10005ef8       0x14 Arducam/CMakeFiles/arducam_demo.dir/Users/henry/.pico-sdk/sdk/2.2.0/lib/tinyusb/src/class/cdc/cdc_device.c.o
                0x10005ef8                tud_cdc_n_available
 .text.tud_cdc_n_read
                0x10005f0c       0x88 Arducam/CMakeFiles/arducam_demo.dir/Users/henry/.pico-sdk/sdk/2.2.0/lib/tinyusb/src/class/cdc/cdc_device.c.o
                0x10005f0c                tud_cdc_n_read
 .text.tud_cdc_n_write_flush
                0x10005f94       0x74 Arducam/CMakeFiles/arducam_demo.dir/Users/henry/.pico-sdk/sdk/2.2.0/lib/tinyusb/src/class/cdc/cdc_device.c.o
                0x10005f94                tud_cdc_n_write_flush
 .text.tud_cdc_n_write
                0x10006008       0x40 Arducam/CMakeFiles/arducam_demo.dir/Users/henry/.pico-sdk/sdk/2.2.0/lib/tinyusb/src/class/cdc/cdc_device.c.o
                0x10006008                tud_cdc_n_write
 .text.tud_cdc_n_write_available
                0x10006048       0x14 Arducam/CMakeFiles/arducam_demo.dir/Users/henry/.pico-sdk/sdk/2.2.0/lib/tinyusb/src/class/cdc/cdc_device.c.o
                0x10006048                tud_cdc_n_write_available
 .text.cdcd_init
                0x1000605c       0x70 Arducam/CMakeFiles/arducam_demo.dir/Users/henry/.pico-sdk/sdk/2.2.0/lib/tinyusb/src/class/cdc/cdc_device.c.o
                0x1000605c                cdcd_init
 .text.cdcd_deinit
                0x100060cc       0x30 Arducam/CMakeFiles/arducam_demo.dir/Users/henry/.pico-sdk/sdk/2.2.0/lib/tinyusb/src/class/cdc/cdc_device.c.o
                0x100060cc                cdcd_deinit
 .text.cdcd_reset
                0x100060fc       0x4c Arducam/CMakeFiles/arducam_demo.dir/Users/henry/.pico-sdk/sdk/2.2.0/lib/tinyusb/src/class/cdc/cdc_device.c.o
                0x100060fc                cdcd_reset
 .text.cdcd_open
                0x10006148       0xa4 Arducam/CMakeFiles/arducam_demo.dir/Users/henry/.pico-sdk/sdk/2.2.0/lib/tinyusb/src/class/cdc/cdc_device.c.o
                0x10006148                cdcd_open
 .text.cdcd_control_xfer_cb
                0x100061ec       0xe8 Arducam/CMakeFiles/arducam_demo.dir/Users/henry/.pico-sdk/sdk/2.2.0/lib/tinyusb/src/class/cdc/cdc_device.c.o
                0x100061ec                cdcd_control_xfer_cb
 .text.cdcd_xfer_cb
                0x100062d4      0x100 Arducam/CMakeFiles/arducam_demo.dir/Users/henry/.pico-sdk/sdk/2.2.0/lib/tinyusb/src/class/cdc/cdc_device.c.o
                0x100062d4                cdcd_xfer_cb
 .text.vendord_init
                0x100063d4       0x5c Arducam/CMakeFiles/arducam_demo.dir/Users/henry/.pico-sdk/sdk/2.2.0/lib/tinyusb/src/class/vendor/vendor_device.c.o
                0x100063d4                vendord_init
 .text.vendord_deinit
                0x10006430       0x1c Arducam/CMakeFiles/arducam_demo.dir/Users/henry/.pico-sdk/sdk/2.2.0/lib/tinyusb/src/class/vendor/vendor_device.c.o
                0x10006430                vendord_deinit
 .text.vendord_reset
                0x1000644c       0x28 Arducam/CMakeFiles/arducam_demo.dir/Users/henry/.pico-sdk/sdk/2.2.0/lib/tinyusb/src/class/vendor/vendor_device.c.o
                0x1000644c                vendord_reset
 .text.vendord_open
                0x10006474      0x120 Arducam/CMakeFiles/arducam_demo.dir/Users/henry/.pico-sdk/sdk/2.2.0/lib/tinyusb/src/class/vendor/vendor_device.c.o
                0x10006474                vendord_open
 .text.vendord_xfer_cb
                0x10006594       0x9c Arducam/CMakeFiles/arducam_demo.dir/Users/henry/.pico-sdk/sdk/2.2.0/lib/tinyusb/src/class/vendor/vendor_device.c.o
                0x10006594                vendord_xfer_cb
 .text.tusb_rhport_init
                0x10006630       0x4c Arducam/CMakeFiles/arducam_demo.dir/Users/henry/.pico-sdk/sdk/2.2.0/lib/tinyusb/src/tusb.c.o
                0x10006630                tusb_rhport_init
 .text.tu_edpt_claim
                0x1000667c       0x50 Arducam/CMakeFiles/arducam_demo.dir/Users/henry/.pico-sdk/sdk/2.2.0/lib/tinyusb/src/tusb.c.o
                0x1000667c                tu_edpt_claim
 .text.tu_edpt_release
                0x100066cc       0x38 Arducam/CMakeFiles/arducam_demo.dir/Users/henry/.pico-sdk/sdk/2.2.0/lib/tinyusb/src/tusb.c.o
                0x100066cc                tu_edpt_release
 .text.tu_edpt_validate
                0x10006704       0x7c Arducam/CMakeFiles/arducam_demo.dir/Users/henry/.pico-sdk/sdk/2.2.0/lib/tinyusb/src/tusb.c.o
                0x10006704                tu_edpt_validate
 .text.tu_edpt_bind_driver
                0x10006780       0x34 Arducam/CMakeFiles/arducam_demo.dir/Users/henry/.pico-sdk/sdk/2.2.0/lib/tinyusb/src/tusb.c.o
                0x10006780                tu_edpt_bind_driver
 .text.tu_edpt_stream_init
                0x100067b4       0x6c Arducam/CMakeFiles/arducam_demo.dir/Users/henry/.pico-sdk/sdk/2.2.0/lib/tinyusb/src/tusb.c.o
                0x100067b4                tu_edpt_stream_init
 .text.tu_edpt_stream_deinit
                0x10006820        0x4 Arducam/CMakeFiles/arducam_demo.dir/Users/henry/.pico-sdk/sdk/2.2.0/lib/tinyusb/src/tusb.c.o
                0x10006820                tu_edpt_stream_deinit
 .text.tu_edpt_stream_write_zlp_if_needed
                0x10006824       0x68 Arducam/CMakeFiles/arducam_demo.dir/Users/henry/.pico-sdk/sdk/2.2.0/lib/tinyusb/src/tusb.c.o
                0x10006824                tu_edpt_stream_write_zlp_if_needed
 .text.tu_edpt_stream_write_xfer
                0x1000688c       0x68 Arducam/CMakeFiles/arducam_demo.dir/Users/henry/.pico-sdk/sdk/2.2.0/lib/tinyusb/src/tusb.c.o
                0x1000688c                tu_edpt_stream_write_xfer
 .text.tu_edpt_stream_read_xfer
                0x100068f4       0xd8 Arducam/CMakeFiles/arducam_demo.dir/Users/henry/.pico-sdk/sdk/2.2.0/lib/tinyusb/src/tusb.c.o
                0x100068f4                tu_edpt_stream_read_xfer
 .text.tu_fifo_config
                0x100069cc       0x6c Arducam/CMakeFiles/arducam_demo.dir/Users/henry/.pico-sdk/sdk/2.2.0/lib/tinyusb/src/common/tusb_fifo.c.o
                0x100069cc                tu_fifo_config
 .text.tu_fifo_count
                0x10006a38       0x2c Arducam/CMakeFiles/arducam_demo.dir/Users/henry/.pico-sdk/sdk/2.2.0/lib/tinyusb/src/common/tusb_fifo.c.o
                0x10006a38                tu_fifo_count
 .text.tu_fifo_empty
                0x10006a64       0x10 Arducam/CMakeFiles/arducam_demo.dir/Users/henry/.pico-sdk/sdk/2.2.0/lib/tinyusb/src/common/tusb_fifo.c.o
                0x10006a64                tu_fifo_empty
 .text.tu_fifo_remaining
                0x10006a74       0x2c Arducam/CMakeFiles/arducam_demo.dir/Users/henry/.pico-sdk/sdk/2.2.0/lib/tinyusb/src/common/tusb_fifo.c.o
                0x10006a74                tu_fifo_remaining
 .text.tu_fifo_read
                0x10006aa0       0x9c Arducam/CMakeFiles/arducam_demo.dir/Users/henry/.pico-sdk/sdk/2.2.0/lib/tinyusb/src/common/tusb_fifo.c.o
                0x10006aa0                tu_fifo_read
 .text.tu_fifo_read_n
                0x10006b3c       0xe8 Arducam/CMakeFiles/arducam_demo.dir/Users/henry/.pico-sdk/sdk/2.2.0/lib/tinyusb/src/common/tusb_fifo.c.o
                0x10006b3c                tu_fifo_read_n
 .text.tu_fifo_write
                0x10006c24       0xa4 Arducam/CMakeFiles/arducam_demo.dir/Users/henry/.pico-sdk/sdk/2.2.0/lib/tinyusb/src/common/tusb_fifo.c.o
                0x10006c24                tu_fifo_write
 .text.tu_fifo_write_n
                0x10006cc8      0x178 Arducam/CMakeFiles/arducam_demo.dir/Users/henry/.pico-sdk/sdk/2.2.0/lib/tinyusb/src/common/tusb_fifo.c.o
                0x10006cc8                tu_fifo_write_n
 .text.tu_fifo_clear
                0x10006e40       0x40 Arducam/CMakeFiles/arducam_demo.dir/Users/henry/.pico-sdk/sdk/2.2.0/lib/tinyusb/src/common/tusb_fifo.c.o
                0x10006e40                tu_fifo_clear
 .text.tu_fifo_set_overwritable
                0x10006e80       0x48 Arducam/CMakeFiles/arducam_demo.dir/Users/henry/.pico-sdk/sdk/2.2.0/lib/tinyusb/src/common/tusb_fifo.c.o
                0x10006e80                tu_fifo_set_overwritable
 .text.i2c_read_blocking_internal.constprop.0
                0x10006ec8       0x98 Arducam/CMakeFiles/arducam_demo.dir/Users/henry/.pico-sdk/sdk/2.2.0/src/rp2_common/hardware_i2c/i2c.c.o
 .text.i2c_write_blocking_internal.constprop.0
                0x10006f60       0xf8 Arducam/CMakeFiles/arducam_demo.dir/Users/henry/.pico-sdk/sdk/2.2.0/src/rp2_common/hardware_i2c/i2c.c.o
 .text.i2c_set_baudrate
                0x10007058       0xc0 Arducam/CMakeFiles/arducam_demo.dir/Users/henry/.pico-sdk/sdk/2.2.0/src/rp2_common/hardware_i2c/i2c.c.o
                0x10007058                i2c_set_baudrate
 .text.i2c_init
                0x10007118       0x50 Arducam/CMakeFiles/arducam_demo.dir/Users/henry/.pico-sdk/sdk/2.2.0/src/rp2_common/hardware_i2c/i2c.c.o
                0x10007118                i2c_init
 .text.i2c_write_blocking
                0x10007168       0x14 Arducam/CMakeFiles/arducam_demo.dir/Users/henry/.pico-sdk/sdk/2.2.0/src/rp2_common/hardware_i2c/i2c.c.o
                0x10007168                i2c_write_blocking
 .text.i2c_read_blocking
                0x1000717c       0x14 Arducam/CMakeFiles/arducam_demo.dir/Users/henry/.pico-sdk/sdk/2.2.0/src/rp2_common/hardware_i2c/i2c.c.o
                0x1000717c                i2c_read_blocking
 .text.spi_init
                0x10007190      0x13c Arducam/CMakeFiles/arducam_demo.dir/Users/henry/.pico-sdk/sdk/2.2.0/src/rp2_common/hardware_spi/spi.c.o
                0x10007190                spi_init
 .text.on_uart_rx
                0x100072cc       0x6c Arducam/src/libarducam.a(arducam.c.o)
                0x100072cc                on_uart_rx
 .text.picoSystemInit
                0x10007338       0xd0 Arducam/src/libarducam.a(arducam.c.o)
                0x10007338                picoSystemInit
 .text.ov2640Probe
                0x10007408       0x98 Arducam/src/libarducam.a(arducam.c.o)
                0x10007408                ov2640Probe
 .text.spiBusDetect
                0x100074a0       0xb0 Arducam/src/libarducam.a(arducam.c.o)
                0x100074a0                spiBusDetect
 .text.ov2640Init
                0x10007550      0x178 Arducam/src/libarducam.a(arducam.c.o)
                0x10007550                ov2640Init
 .text.OV2640_set_JPEG_size
                0x100076c8      0x2e8 Arducam/src/libarducam.a(arducam.c.o)
                0x100076c8                OV2640_set_JPEG_size
 .text.singleCapture
                0x100079b0      0x2a8 Arducam/src/libarducam.a(arducam.c.o)
                0x100079b0                singleCapture
 .text.__malloc_lock
                0x10007c58       0x10 /Users/henry/.pico-sdk/toolchain/14_2_Rel1/bin/../lib/gcc/arm-none-eabi/14.2.1/../../../../arm-none-eabi/lib/thumb/v6-m/nofp/libg.a(libc_a-mlock.o)
                0x10007c58                __malloc_lock
 .text.__malloc_unlock
                0x10007c68       0x10 /Users/henry/.pico-sdk/toolchain/14_2_Rel1/bin/../lib/gcc/arm-none-eabi/14.2.1/../../../../arm-none-eabi/lib/thumb/v6-m/nofp/libg.a(libc_a-mlock.o)
                0x10007c68                __malloc_unlock
 .text.__sflush_r
                0x10007c78      0x13c /Users/henry/.pico-sdk/toolchain/14_2_Rel1/bin/../lib/gcc/arm-none-eabi/14.2.1/../../../../arm-none-eabi/lib/thumb/v6-m/nofp/libg.a(libc_a-fflush.o)
                0x10007c78                __sflush_r
 .text._fflush_r
                0x10007db4       0x68 /Users/henry/.pico-sdk/toolchain/14_2_Rel1/bin/../lib/gcc/arm-none-eabi/14.2.1/../../../../arm-none-eabi/lib/thumb/v6-m/nofp/libg.a(libc_a-fflush.o)
                0x10007db4                _fflush_r
 .text.fflush   0x10007e1c       0x7c /Users/henry/.pico-sdk/toolchain/14_2_Rel1/bin/../lib/gcc/arm-none-eabi/14.2.1/../../../../arm-none-eabi/lib/thumb/v6-m/nofp/libg.a(libc_a-fflush.o)
                0x10007e1c                fflush
 .text.stdio_exit_handler
                0x10007e98       0x1c /Users/henry/.pico-sdk/toolchain/14_2_Rel1/bin/../lib/gcc/arm-none-eabi/14.2.1/../../../../arm-none-eabi/lib/thumb/v6-m/nofp/libg.a(libc_a-findfp.o)
 .text.cleanup_stdio
                0x10007eb4       0x3c /Users/henry/.pico-sdk/toolchain/14_2_Rel1/bin/../lib/gcc/arm-none-eabi/14.2.1/../../../../arm-none-eabi/lib/thumb/v6-m/nofp/libg.a(libc_a-findfp.o)
 .text.global_stdio_init.part.0
                0x10007ef0      0x118 /Users/henry/.pico-sdk/toolchain/14_2_Rel1/bin/../lib/gcc/arm-none-eabi/14.2.1/../../../../arm-none-eabi/lib/thumb/v6-m/nofp/libg.a(libc_a-findfp.o)
 .text.__sinit  0x10008008       0x38 /Users/henry/.pico-sdk/toolchain/14_2_Rel1/bin/../lib/gcc/arm-none-eabi/14.2.1/../../../../arm-none-eabi/lib/thumb/v6-m/nofp/libg.a(libc_a-findfp.o)
                0x10008008                __sinit
 .text.__sfp_lock_acquire
                0x10008040       0x10 /Users/henry/.pico-sdk/toolchain/14_2_Rel1/bin/../lib/gcc/arm-none-eabi/14.2.1/../../../../arm-none-eabi/lib/thumb/v6-m/nofp/libg.a(libc_a-findfp.o)
                0x10008040                __sfp_lock_acquire
 .text.__sfp_lock_release
                0x10008050       0x10 /Users/henry/.pico-sdk/toolchain/14_2_Rel1/bin/../lib/gcc/arm-none-eabi/14.2.1/../../../../arm-none-eabi/lib/thumb/v6-m/nofp/libg.a(libc_a-findfp.o)
                0x10008050                __sfp_lock_release
 .text._sbrk_r  0x10008060       0x24 /Users/henry/.pico-sdk/toolchain/14_2_Rel1/bin/../lib/gcc/arm-none-eabi/14.2.1/../../../../arm-none-eabi/lib/thumb/v6-m/nofp/libg.a(libc_a-sbrkr.o)
                0x10008060                _sbrk_r
 .text.__errno  0x10008084        0xc /Users/henry/.pico-sdk/toolchain/14_2_Rel1/bin/../lib/gcc/arm-none-eabi/14.2.1/../../../../arm-none-eabi/lib/thumb/v6-m/nofp/libg.a(libc_a-errno.o)
                0x10008084                __errno
 .text.sysconf  0x10008090       0x1c /Users/henry/.pico-sdk/toolchain/14_2_Rel1/bin/../lib/gcc/arm-none-eabi/14.2.1/../../../../arm-none-eabi/lib/thumb/v6-m/nofp/libg.a(libc_a-sysconf.o)
                0x10008090                sysconf
 .text.__retarget_lock_init_recursive
                0x100080ac        0x4 /Users/henry/.pico-sdk/toolchain/14_2_Rel1/bin/../lib/gcc/arm-none-eabi/14.2.1/../../../../arm-none-eabi/lib/thumb/v6-m/nofp/libg.a(libc_a-lock.o)
                0x100080ac                __retarget_lock_init_recursive
 .text.__retarget_lock_close_recursive
                0x100080b0        0x4 /Users/henry/.pico-sdk/toolchain/14_2_Rel1/bin/../lib/gcc/arm-none-eabi/14.2.1/../../../../arm-none-eabi/lib/thumb/v6-m/nofp/libg.a(libc_a-lock.o)
                0x100080b0                __retarget_lock_close_recursive
 .text.__retarget_lock_acquire_recursive
                0x100080b4        0x4 /Users/henry/.pico-sdk/toolchain/14_2_Rel1/bin/../lib/gcc/arm-none-eabi/14.2.1/../../../../arm-none-eabi/lib/thumb/v6-m/nofp/libg.a(libc_a-lock.o)
                0x100080b4                __retarget_lock_acquire_recursive
 .text.__retarget_lock_release_recursive
                0x100080b8        0x4 /Users/henry/.pico-sdk/toolchain/14_2_Rel1/bin/../lib/gcc/arm-none-eabi/14.2.1/../../../../arm-none-eabi/lib/thumb/v6-m/nofp/libg.a(libc_a-lock.o)
                0x100080b8                __retarget_lock_release_recursive
 .text.strlen   0x100080bc       0x5c /Users/henry/.pico-sdk/toolchain/14_2_Rel1/bin/../lib/gcc/arm-none-eabi/14.2.1/../../../../arm-none-eabi/lib/thumb/v6-m/nofp/libg.a(libc_a-strlen-stub.o)
                0x100080bc                strlen
 .text._malloc_trim_r
                0x10008118       0xb4 /Users/henry/.pico-sdk/toolchain/14_2_Rel1/bin/../lib/gcc/arm-none-eabi/14.2.1/../../../../arm-none-eabi/lib/thumb/v6-m/nofp/libg.a(libc_a-freer.o)
                0x10008118                _malloc_trim_r
 .text._free_r  0x100081cc      0x1f0 /Users/henry/.pico-sdk/toolchain/14_2_Rel1/bin/../lib/gcc/arm-none-eabi/14.2.1/../../../../arm-none-eabi/lib/thumb/v6-m/nofp/libg.a(libc_a-freer.o)
                0x100081cc                _free_r
 .text._fwalk_sglue
                0x100083bc       0x44 /Users/henry/.pico-sdk/toolchain/14_2_Rel1/bin/../lib/gcc/arm-none-eabi/14.2.1/../../../../arm-none-eabi/lib/thumb/v6-m/nofp/libg.a(libc_a-fwalk.o)
                0x100083bc                _fwalk_sglue
 .text._fclose_r
                0x10008400       0xcc /Users/henry/.pico-sdk/toolchain/14_2_Rel1/bin/../lib/gcc/arm-none-eabi/14.2.1/../../../../arm-none-eabi/lib/thumb/v6-m/nofp/libg.a(libc_a-fclose.o)
                0x10008400                _fclose_r
 .text.__sread  0x100084cc       0x28 /Users/henry/.pico-sdk/toolchain/14_2_Rel1/bin/../lib/gcc/arm-none-eabi/14.2.1/../../../../arm-none-eabi/lib/thumb/v6-m/nofp/libg.a(libc_a-stdio.o)
                0x100084cc                __sread
 .text.__swrite
                0x100084f4       0x40 /Users/henry/.pico-sdk/toolchain/14_2_Rel1/bin/../lib/gcc/arm-none-eabi/14.2.1/../../../../arm-none-eabi/lib/thumb/v6-m/nofp/libg.a(libc_a-stdio.o)
                0x100084f4                __swrite
 .text.__sseek  0x10008534       0x2c /Users/henry/.pico-sdk/toolchain/14_2_Rel1/bin/../lib/gcc/arm-none-eabi/14.2.1/../../../../arm-none-eabi/lib/thumb/v6-m/nofp/libg.a(libc_a-stdio.o)
                0x10008534                __sseek
 .text.__sclose
                0x10008560        0xc /Users/henry/.pico-sdk/toolchain/14_2_Rel1/bin/../lib/gcc/arm-none-eabi/14.2.1/../../../../arm-none-eabi/lib/thumb/v6-m/nofp/libg.a(libc_a-stdio.o)
                0x10008560                __sclose
 .text._close_r
                0x1000856c       0x24 /Users/henry/.pico-sdk/toolchain/14_2_Rel1/bin/../lib/gcc/arm-none-eabi/14.2.1/../../../../arm-none-eabi/lib/thumb/v6-m/nofp/libg.a(libc_a-closer.o)
                0x1000856c                _close_r
 .text._lseek_r
                0x10008590       0x28 /Users/henry/.pico-sdk/toolchain/14_2_Rel1/bin/../lib/gcc/arm-none-eabi/14.2.1/../../../../arm-none-eabi/lib/thumb/v6-m/nofp/libg.a(libc_a-lseekr.o)
                0x10008590                _lseek_r
 .text._read_r  0x100085b8       0x28 /Users/henry/.pico-sdk/toolchain/14_2_Rel1/bin/../lib/gcc/arm-none-eabi/14.2.1/../../../../arm-none-eabi/lib/thumb/v6-m/nofp/libg.a(libc_a-readr.o)
                0x100085b8                _read_r
 .text._write_r
                0x100085e0       0x28 /Users/henry/.pico-sdk/toolchain/14_2_Rel1/bin/../lib/gcc/arm-none-eabi/14.2.1/../../../../arm-none-eabi/lib/thumb/v6-m/nofp/libg.a(libc_a-writer.o)
                0x100085e0                _write_r
 *(.fini)
 .fini          0x10008608        0x4 /Users/henry/.pico-sdk/toolchain/14_2_Rel1/bin/../lib/gcc/arm-none-eabi/14.2.1/thumb/v6-m/nofp/crti.o
                0x10008608                _fini
 *fill*         0x1000860c        0x4 
 .fini.__stub   0x10008610       0xe0 linker stubs
 *crtbegin.o(.ctors)
 *crtbegin?.o(.ctors)
 *(EXCLUDE_FILE(*crtend.o *crtend?.o) .ctors)
 *(SORT_BY_NAME(.ctors.*))
 *(.ctors)
 *crtbegin.o(.dtors)
 *crtbegin?.o(.dtors)
 *(EXCLUDE_FILE(*crtend.o *crtend?.o) .dtors)
 *(SORT_BY_NAME(.dtors.*))
 *(.dtors)
                0x100086f0                        . = ALIGN (0x4)
                0x100086f0                        PROVIDE (__preinit_array_start = .)
 *(SORT_BY_NAME(.preinit_array.*))
 .preinit_array.00100
                0x100086f0        0x4 Arducam/CMakeFiles/arducam_demo.dir/Users/henry/.pico-sdk/sdk/2.2.0/src/rp2_common/pico_runtime_init/runtime_init.c.o
                0x100086f0                __pre_init_runtime_init_early_resets
 .preinit_array.00101
                0x100086f4        0x4 Arducam/CMakeFiles/arducam_demo.dir/Users/henry/.pico-sdk/sdk/2.2.0/src/rp2_common/pico_runtime_init/runtime_init.c.o
                0x100086f4                __pre_init_runtime_init_usb_power_down
 .preinit_array.00275
                0x100086f8        0x4 Arducam/CMakeFiles/arducam_demo.dir/Users/henry/.pico-sdk/sdk/2.2.0/src/rp2_common/pico_bit_ops/bit_ops_aeabi.S.o
 .preinit_array.00300
                0x100086fc        0x4 Arducam/CMakeFiles/arducam_demo.dir/Users/henry/.pico-sdk/sdk/2.2.0/src/rp2_common/pico_mem_ops/mem_ops_aeabi.S.o
 .preinit_array.00350
                0x10008700        0x4 Arducam/CMakeFiles/arducam_demo.dir/Users/henry/.pico-sdk/sdk/2.2.0/src/rp2_common/pico_double/double_aeabi_rp2040.S.o
 .preinit_array.00350
                0x10008704        0x4 Arducam/CMakeFiles/arducam_demo.dir/Users/henry/.pico-sdk/sdk/2.2.0/src/rp2_common/pico_float/float_aeabi_rp2040.S.o
 .preinit_array.00500
                0x10008708        0x4 Arducam/CMakeFiles/arducam_demo.dir/Users/henry/.pico-sdk/sdk/2.2.0/src/rp2_common/pico_runtime_init/runtime_init.c.o
                0x10008708                __pre_init_runtime_init_clocks
 .preinit_array.00600
                0x1000870c        0x4 Arducam/CMakeFiles/arducam_demo.dir/Users/henry/.pico-sdk/sdk/2.2.0/src/rp2_common/pico_runtime_init/runtime_init.c.o
                0x1000870c                __pre_init_runtime_init_post_clock_resets
 .preinit_array.00700
                0x10008710        0x4 Arducam/CMakeFiles/arducam_demo.dir/Users/henry/.pico-sdk/sdk/2.2.0/src/rp2_common/pico_runtime_init/runtime_init.c.o
                0x10008710                __pre_init_runtime_init_rp2040_gpio_ie_disable
 .preinit_array.01000
                0x10008714        0x4 Arducam/CMakeFiles/arducam_demo.dir/Users/henry/.pico-sdk/sdk/2.2.0/src/rp2_common/pico_runtime_init/runtime_init.c.o
                0x10008714                __pre_init_runtime_init_spin_locks_reset
 .preinit_array.01100
                0x10008718        0x4 Arducam/CMakeFiles/arducam_demo.dir/Users/henry/.pico-sdk/sdk/2.2.0/src/common/pico_sync/mutex.c.o
                0x10008718                __pre_init_runtime_init_mutex
 .preinit_array.10080
                0x1000871c        0x4 Arducam/CMakeFiles/arducam_demo.dir/Users/henry/.pico-sdk/sdk/2.2.0/src/rp2_common/pico_runtime_init/runtime_init.c.o
                0x1000871c                __pre_init_runtime_init_install_ram_vector_table
 .preinit_array.11000
                0x10008720        0x4 Arducam/CMakeFiles/arducam_demo.dir/Users/henry/.pico-sdk/sdk/2.2.0/src/common/pico_time/time.c.o
                0x10008720                __pre_init_runtime_init_default_alarm_pool
 .preinit_array.YYYYY
                0x10008724        0x4 Arducam/CMakeFiles/arducam_demo.dir/Users/henry/.pico-sdk/sdk/2.2.0/src/rp2_common/pico_runtime/runtime.c.o
                0x10008724                __pre_init_first_per_core_initializer
 .preinit_array.ZZZZZ.01200
                0x10008728        0x4 Arducam/CMakeFiles/arducam_demo.dir/Users/henry/.pico-sdk/sdk/2.2.0/src/rp2_common/hardware_irq/irq.c.o
                0x10008728                __pre_init_runtime_init_per_core_irq_priorities
 *(.preinit_array)
                0x1000872c                        PROVIDE (__preinit_array_end = .)
                0x1000872c                        . = ALIGN (0x4)
                0x1000872c                        PROVIDE (__init_array_start = .)
 *(SORT_BY_NAME(.init_array.*))
 .init_array.01000
                0x1000872c        0x4 Arducam/CMakeFiles/arducam_demo.dir/Users/henry/.pico-sdk/sdk/2.2.0/src/rp2_common/pico_unique_id/unique_id.c.o
 *(.init_array)
 .init_array    0x10008730        0x4 /Users/henry/.pico-sdk/toolchain/14_2_Rel1/bin/../lib/gcc/arm-none-eabi/14.2.1/thumb/v6-m/nofp/crtbegin.o
                0x10008734                        PROVIDE (__init_array_end = .)
                0x10008734                        . = ALIGN (0x4)
                [!provide]                        PROVIDE (__fini_array_start = .)
 *(SORT_BY_NAME(.fini_array.*))
 *(.fini_array)
                [!provide]                        PROVIDE (__fini_array_end = .)
 *(.eh_frame*)
 .eh_frame      0x10008734        0x0 /Users/henry/.pico-sdk/toolchain/14_2_Rel1/bin/../lib/gcc/arm-none-eabi/14.2.1/thumb/v6-m/nofp/crtbegin.o
                0x10008734                        . = ALIGN (0x4)

.glue_7         0x10008734        0x0
 .glue_7        0x10008734        0x0 linker stubs

.glue_7t        0x10008734        0x0
 .glue_7t       0x10008734        0x0 linker stubs

.vfp11_veneer   0x10008734        0x0
 .vfp11_veneer  0x10008734        0x0 linker stubs

.v4_bx          0x10008734        0x0
 .v4_bx         0x10008734        0x0 linker stubs

.iplt           0x10008734        0x0
 .iplt          0x10008734        0x0 /Users/henry/.pico-sdk/toolchain/14_2_Rel1/bin/../lib/gcc/arm-none-eabi/14.2.1/thumb/v6-m/nofp/crtbegin.o

.rodata         0x10008738     0x19d8
 *(EXCLUDE_FILE(*libm.a: *libc.a:*lib_a-mem*.o *libgcc.a:) .rodata*)
 .rodata.main.str1.4
                0x10008738      0x307 Arducam/CMakeFiles/arducam_demo.dir/arducam_demo.c.o
                                 0xcd (size before relaxing)
 .rodata.panic.str1.4
                0x10008a3f       0x12 Arducam/CMakeFiles/arducam_demo.dir/Users/henry/.pico-sdk/sdk/2.2.0/src/rp2_common/pico_platform_panic/panic.c.o
 .rodata.spin_lock_claim_unused.str1.4
                0x10008a3f       0x1b Arducam/CMakeFiles/arducam_demo.dir/Users/henry/.pico-sdk/sdk/2.2.0/src/rp2_common/hardware_sync/sync.c.o
 .rodata.user_irq_claim_unused.str1.4
                0x10008a3f       0x1b Arducam/CMakeFiles/arducam_demo.dir/Users/henry/.pico-sdk/sdk/2.2.0/src/rp2_common/hardware_irq/irq.c.o
 *fill*         0x10008a3f        0x1 
 .rodata.at_the_end_of_time
                0x10008a40        0x8 Arducam/CMakeFiles/arducam_demo.dir/Users/henry/.pico-sdk/sdk/2.2.0/src/common/pico_time/time.c.o
                0x10008a40                at_the_end_of_time
 .rodata.timer_hardware_alarm_claim.str1.4
                0x10008a48       0x22 Arducam/CMakeFiles/arducam_demo.dir/Users/henry/.pico-sdk/sdk/2.2.0/src/rp2_common/hardware_timer/timer.c.o
 .rodata.hard_assertion_failure.str1.4
                0x10008a48        0xc Arducam/CMakeFiles/arducam_demo.dir/Users/henry/.pico-sdk/sdk/2.2.0/src/rp2_common/pico_runtime/runtime.c.o
 .rodata.str1.4
                0x10008a48       0x84 Arducam/CMakeFiles/arducam_demo.dir/Users/henry/.pico-sdk/sdk/2.2.0/src/rp2_common/pico_standard_binary_info/standard_binary_info.c.o
 .rodata.__bi_84
                0x10008a48        0xc Arducam/CMakeFiles/arducam_demo.dir/Users/henry/.pico-sdk/sdk/2.2.0/src/rp2_common/pico_standard_binary_info/standard_binary_info.c.o
 .rodata.__bi_78
                0x10008a54        0xc Arducam/CMakeFiles/arducam_demo.dir/Users/henry/.pico-sdk/sdk/2.2.0/src/rp2_common/pico_standard_binary_info/standard_binary_info.c.o
 .rodata.__bi_72
                0x10008a60        0xc Arducam/CMakeFiles/arducam_demo.dir/Users/henry/.pico-sdk/sdk/2.2.0/src/rp2_common/pico_standard_binary_info/standard_binary_info.c.o
 .rodata.__bi_54
                0x10008a6c        0xc Arducam/CMakeFiles/arducam_demo.dir/Users/henry/.pico-sdk/sdk/2.2.0/src/rp2_common/pico_standard_binary_info/standard_binary_info.c.o
 .rodata.__bi_48
                0x10008a78        0xc Arducam/CMakeFiles/arducam_demo.dir/Users/henry/.pico-sdk/sdk/2.2.0/src/rp2_common/pico_standard_binary_info/standard_binary_info.c.o
 .rodata.__bi_42
                0x10008a84        0xc Arducam/CMakeFiles/arducam_demo.dir/Users/henry/.pico-sdk/sdk/2.2.0/src/rp2_common/pico_standard_binary_info/standard_binary_info.c.o
 .rodata.__bi_34
                0x10008a90        0xc Arducam/CMakeFiles/arducam_demo.dir/Users/henry/.pico-sdk/sdk/2.2.0/src/rp2_common/pico_standard_binary_info/standard_binary_info.c.o
 .rodata.__bi_26
                0x10008a9c        0xc Arducam/CMakeFiles/arducam_demo.dir/Users/henry/.pico-sdk/sdk/2.2.0/src/rp2_common/pico_standard_binary_info/standard_binary_info.c.o
 .rodata._ftoa.str1.4
                0x10008aa8       0x15 Arducam/CMakeFiles/arducam_demo.dir/Users/henry/.pico-sdk/sdk/2.2.0/src/rp2_common/pico_printf/printf.c.o
 .rodata._vsnprintf
                0x10008aa8      0x19c Arducam/CMakeFiles/arducam_demo.dir/Users/henry/.pico-sdk/sdk/2.2.0/src/rp2_common/pico_printf/printf.c.o
 *fill*         0x10008c44        0x4 
 .rodata.pow10.0
                0x10008c48       0x50 Arducam/CMakeFiles/arducam_demo.dir/Users/henry/.pico-sdk/sdk/2.2.0/src/rp2_common/pico_printf/printf.c.o
 .rodata.crlf_str.0
                0x10008c98        0x2 Arducam/CMakeFiles/arducam_demo.dir/Users/henry/.pico-sdk/sdk/2.2.0/src/rp2_common/pico_stdio/stdio.c.o
 *fill*         0x10008c9a        0x2 
 .rodata._resetd_driver
                0x10008c9c       0x20 Arducam/CMakeFiles/arducam_demo.dir/Users/henry/.pico-sdk/sdk/2.2.0/src/rp2_common/pico_stdio_usb/reset_interface.c.o
 .rodata.desc_ms_os_20
                0x10008cbc       0xa6 Arducam/CMakeFiles/arducam_demo.dir/Users/henry/.pico-sdk/sdk/2.2.0/src/rp2_common/pico_stdio_usb/reset_interface.c.o
 *fill*         0x10008d62        0x2 
 .rodata.desc_bos
                0x10008d64       0x21 Arducam/CMakeFiles/arducam_demo.dir/Users/henry/.pico-sdk/sdk/2.2.0/src/rp2_common/pico_stdio_usb/reset_interface.c.o
                0x10008d64                desc_bos
 .rodata.str1.4
                0x10008d85       0x13 Arducam/CMakeFiles/arducam_demo.dir/Users/henry/.pico-sdk/sdk/2.2.0/src/rp2_common/pico_stdio_usb/stdio_usb.c.o
 *fill*         0x10008d85        0x3 
 .rodata.__bi_202.0
                0x10008d88        0xc Arducam/CMakeFiles/arducam_demo.dir/Users/henry/.pico-sdk/sdk/2.2.0/src/rp2_common/pico_stdio_usb/stdio_usb.c.o
 .rodata.str1.4
                0x10008d94       0x2a Arducam/CMakeFiles/arducam_demo.dir/Users/henry/.pico-sdk/sdk/2.2.0/src/rp2_common/pico_stdio_usb/stdio_usb_descriptors.c.o
 .rodata.usbd_desc_str
                0x10008d94       0x18 Arducam/CMakeFiles/arducam_demo.dir/Users/henry/.pico-sdk/sdk/2.2.0/src/rp2_common/pico_stdio_usb/stdio_usb_descriptors.c.o
 .rodata.usbd_desc_cfg
                0x10008dac       0x54 Arducam/CMakeFiles/arducam_demo.dir/Users/henry/.pico-sdk/sdk/2.2.0/src/rp2_common/pico_stdio_usb/stdio_usb_descriptors.c.o
 .rodata.usbd_desc_device
                0x10008e00       0x12 Arducam/CMakeFiles/arducam_demo.dir/Users/henry/.pico-sdk/sdk/2.2.0/src/rp2_common/pico_stdio_usb/stdio_usb_descriptors.c.o
 .rodata.str1.4
                0x10008e12       0x14 Arducam/CMakeFiles/arducam_demo.dir/Users/henry/.pico-sdk/sdk/2.2.0/lib/tinyusb/src/portable/raspberrypi/rp2040/dcd_rp2040.c.o
 .rodata.str1.4
                0x10008e12       0x48 Arducam/CMakeFiles/arducam_demo.dir/Users/henry/.pico-sdk/sdk/2.2.0/lib/tinyusb/src/portable/raspberrypi/rp2040/rp2040_usb.c.o
 *fill*         0x10008e12        0x2 
 .rodata.tud_task_ext
                0x10008e14       0x8c Arducam/CMakeFiles/arducam_demo.dir/Users/henry/.pico-sdk/sdk/2.2.0/lib/tinyusb/src/device/usbd.c.o
 .rodata        0x10008ea0       0x1c Arducam/CMakeFiles/arducam_demo.dir/Users/henry/.pico-sdk/sdk/2.2.0/lib/tinyusb/src/device/usbd.c.o
 .rodata._usbd_driver
                0x10008ebc       0x40 Arducam/CMakeFiles/arducam_demo.dir/Users/henry/.pico-sdk/sdk/2.2.0/lib/tinyusb/src/device/usbd.c.o
 .rodata.ov2640Probe.str1.4
                0x10008efc       0x2e Arducam/src/libarducam.a(arducam.c.o)
 .rodata.spiBusDetect.str1.4
                0x10008efc       0x1f Arducam/src/libarducam.a(arducam.c.o)
 .rodata.OV2640_set_JPEG_size
                0x10008efc       0x24 Arducam/src/libarducam.a(arducam.c.o)
 .rodata.singleCapture.str1.4
                0x10008f20       0x33 Arducam/src/libarducam.a(arducam.c.o)
 .rodata.__bi_33.0
                0x10008f20        0x8 Arducam/src/libarducam.a(arducam.c.o)
 .rodata.OV2640_1600x1200_JPEG
                0x10008f28      0x148 Arducam/src/libarducam.a(arducam.c.o)
                0x10008f28                OV2640_1600x1200_JPEG
 .rodata.OV2640_1280x1024_JPEG
                0x10009070      0x148 Arducam/src/libarducam.a(arducam.c.o)
                0x10009070                OV2640_1280x1024_JPEG
 .rodata.OV2640_1024x768_JPEG
                0x100091b8      0x138 Arducam/src/libarducam.a(arducam.c.o)
                0x100091b8                OV2640_1024x768_JPEG
 .rodata.OV2640_800x600_JPEG
                0x100092f0      0x148 Arducam/src/libarducam.a(arducam.c.o)
                0x100092f0                OV2640_800x600_JPEG
 .rodata.OV2640_640x480_JPEG
                0x10009438      0x148 Arducam/src/libarducam.a(arducam.c.o)
                0x10009438                OV2640_640x480_JPEG
 .rodata.OV2640_352x288_JPEG
                0x10009580      0x140 Arducam/src/libarducam.a(arducam.c.o)
                0x10009580                OV2640_352x288_JPEG
 .rodata.OV2640_320x240_JPEG
                0x100096c0      0x140 Arducam/src/libarducam.a(arducam.c.o)
                0x100096c0                OV2640_320x240_JPEG
 .rodata.OV2640_176x144_JPEG
                0x10009800      0x140 Arducam/src/libarducam.a(arducam.c.o)
                0x10009800                OV2640_176x144_JPEG
 .rodata.OV2640_160x120_JPEG
                0x10009940      0x140 Arducam/src/libarducam.a(arducam.c.o)
                0x10009940                OV2640_160x120_JPEG
 .rodata.OV2640_JPEG
                0x10009a80       0x48 Arducam/src/libarducam.a(arducam.c.o)
                0x10009a80                OV2640_JPEG
 .rodata.OV2640_YUV422
                0x10009ac8       0x50 Arducam/src/libarducam.a(arducam.c.o)
                0x10009ac8                OV2640_YUV422
 .rodata.OV2640_JPEG_INIT
                0x10009b18      0x5f8 Arducam/src/libarducam.a(arducam.c.o)
                0x10009b18                OV2640_JPEG_INIT
                0x1000a110                        . = ALIGN (0x4)
 *(SORT_BY_ALIGNMENT(SORT_BY_NAME(.flashdata*)))
                0x1000a110                        . = ALIGN (0x4)

.ARM.extab
 *(.ARM.extab* .gnu.linkonce.armextab.*)
                0x1000a110                        __exidx_start = .

.ARM.exidx
 *(.ARM.exidx* .gnu.linkonce.armexidx.*)
                0x1000a110                        __exidx_end = .
                0x1000a110                        . = ALIGN (0x4)
                0x1000a110                        __binary_info_start = .

.binary_info    0x1000a110       0x28
 *(.binary_info.keep.*)
 .binary_info.keep.__bi_ptr84
                0x1000a110        0x4 Arducam/CMakeFiles/arducam_demo.dir/Users/henry/.pico-sdk/sdk/2.2.0/src/rp2_common/pico_standard_binary_info/standard_binary_info.c.o
 .binary_info.keep.__bi_ptr78
                0x1000a114        0x4 Arducam/CMakeFiles/arducam_demo.dir/Users/henry/.pico-sdk/sdk/2.2.0/src/rp2_common/pico_standard_binary_info/standard_binary_info.c.o
 .binary_info.keep.__bi_ptr72
                0x1000a118        0x4 Arducam/CMakeFiles/arducam_demo.dir/Users/henry/.pico-sdk/sdk/2.2.0/src/rp2_common/pico_standard_binary_info/standard_binary_info.c.o
 .binary_info.keep.__bi_ptr54
                0x1000a11c        0x4 Arducam/CMakeFiles/arducam_demo.dir/Users/henry/.pico-sdk/sdk/2.2.0/src/rp2_common/pico_standard_binary_info/standard_binary_info.c.o
 .binary_info.keep.__bi_ptr48
                0x1000a120        0x4 Arducam/CMakeFiles/arducam_demo.dir/Users/henry/.pico-sdk/sdk/2.2.0/src/rp2_common/pico_standard_binary_info/standard_binary_info.c.o
 .binary_info.keep.__bi_ptr42
                0x1000a124        0x4 Arducam/CMakeFiles/arducam_demo.dir/Users/henry/.pico-sdk/sdk/2.2.0/src/rp2_common/pico_standard_binary_info/standard_binary_info.c.o
 .binary_info.keep.__bi_ptr34
                0x1000a128        0x4 Arducam/CMakeFiles/arducam_demo.dir/Users/henry/.pico-sdk/sdk/2.2.0/src/rp2_common/pico_standard_binary_info/standard_binary_info.c.o
 .binary_info.keep.__bi_ptr26
                0x1000a12c        0x4 Arducam/CMakeFiles/arducam_demo.dir/Users/henry/.pico-sdk/sdk/2.2.0/src/rp2_common/pico_standard_binary_info/standard_binary_info.c.o
 .binary_info.keep.__bi_ptr33
                0x1000a130        0x4 Arducam/src/libarducam.a(arducam.c.o)
 *(.binary_info.*)
 .binary_info.__bi_ptr202
                0x1000a134        0x4 Arducam/CMakeFiles/arducam_demo.dir/Users/henry/.pico-sdk/sdk/2.2.0/src/rp2_common/pico_stdio_usb/stdio_usb.c.o
                0x1000a138                        __binary_info_end = .
                0x1000a138                        . = ALIGN (0x4)

.ram_vector_table
                0x20000000       0xc0
 *(.ram_vector_table)
 .ram_vector_table
                0x20000000       0xc0 Arducam/CMakeFiles/arducam_demo.dir/Users/henry/.pico-sdk/sdk/2.2.0/src/rp2_common/pico_runtime_init/runtime_init.c.o
                0x20000000                ram_vector_table

.uninitialized_data
                0x200000c0        0x0
                0x200000c0                        . = ALIGN (0x4)
 *(.uninitialized_data*)

.data           0x200000c0     0x1660 load address 0x1000a138
                0x200000c0                        __data_start__ = .
 *(vtable)
 *(.time_critical*)
 .time_critical.mutex_try_enter
                0x200000c0       0x40 Arducam/CMakeFiles/arducam_demo.dir/Users/henry/.pico-sdk/sdk/2.2.0/src/common/pico_sync/mutex.c.o
                0x200000c0                mutex_try_enter
 .time_critical.mutex_try_enter_block_until
                0x20000100       0x98 Arducam/CMakeFiles/arducam_demo.dir/Users/henry/.pico-sdk/sdk/2.2.0/src/common/pico_sync/mutex.c.o
                0x20000100                mutex_try_enter_block_until
 .time_critical.mutex_enter_timeout_ms
                0x20000198       0x8c Arducam/CMakeFiles/arducam_demo.dir/Users/henry/.pico-sdk/sdk/2.2.0/src/common/pico_sync/mutex.c.o
                0x20000198                mutex_enter_timeout_ms
 .time_critical.mutex_exit
                0x20000224       0x28 Arducam/CMakeFiles/arducam_demo.dir/Users/henry/.pico-sdk/sdk/2.2.0/src/common/pico_sync/mutex.c.o
                0x20000224                mutex_exit
 .time_critical.flash_init_boot2_copyout
                0x2000024c       0x30 Arducam/CMakeFiles/arducam_demo.dir/Users/henry/.pico-sdk/sdk/2.2.0/src/rp2_common/hardware_flash/flash.c.o
 .time_critical.flash_enable_xip_via_boot2
                0x2000027c        0xc Arducam/CMakeFiles/arducam_demo.dir/Users/henry/.pico-sdk/sdk/2.2.0/src/rp2_common/hardware_flash/flash.c.o
 .time_critical.flash_save_hardware_state
                0x20000288       0x20 Arducam/CMakeFiles/arducam_demo.dir/Users/henry/.pico-sdk/sdk/2.2.0/src/rp2_common/hardware_flash/flash.c.o
 .time_critical.flash_restore_hardware_state
                0x200002a8       0x20 Arducam/CMakeFiles/arducam_demo.dir/Users/henry/.pico-sdk/sdk/2.2.0/src/rp2_common/hardware_flash/flash.c.o
 .time_critical.flash_cs_force
                0x200002c8       0x38 Arducam/CMakeFiles/arducam_demo.dir/Users/henry/.pico-sdk/sdk/2.2.0/src/rp2_common/hardware_flash/flash.c.o
 .time_critical.flash_do_cmd
                0x20000300      0x13c Arducam/CMakeFiles/arducam_demo.dir/Users/henry/.pico-sdk/sdk/2.2.0/src/rp2_common/hardware_flash/flash.c.o
                0x20000300                flash_do_cmd
 .time_critical.reset_non_control_endpoints
                0x2000043c       0x68 Arducam/CMakeFiles/arducam_demo.dir/Users/henry/.pico-sdk/sdk/2.2.0/lib/tinyusb/src/portable/raspberrypi/rp2040/dcd_rp2040.c.o
 .time_critical.hw_handle_buff_status
                0x200004a4       0xa0 Arducam/CMakeFiles/arducam_demo.dir/Users/henry/.pico-sdk/sdk/2.2.0/lib/tinyusb/src/portable/raspberrypi/rp2040/dcd_rp2040.c.o
 .time_critical.dcd_rp2040_irq
                0x20000544      0x548 Arducam/CMakeFiles/arducam_demo.dir/Users/henry/.pico-sdk/sdk/2.2.0/lib/tinyusb/src/portable/raspberrypi/rp2040/dcd_rp2040.c.o
 .time_critical.prepare_ep_buffer
                0x20000a8c       0xc8 Arducam/CMakeFiles/arducam_demo.dir/Users/henry/.pico-sdk/sdk/2.2.0/lib/tinyusb/src/portable/raspberrypi/rp2040/rp2040_usb.c.o
 .time_critical.sync_ep_buffer
                0x20000b54       0x9c Arducam/CMakeFiles/arducam_demo.dir/Users/henry/.pico-sdk/sdk/2.2.0/lib/tinyusb/src/portable/raspberrypi/rp2040/rp2040_usb.c.o
 .time_critical._hw_endpoint_xfer_sync
                0x20000bf0       0x28 Arducam/CMakeFiles/arducam_demo.dir/Users/henry/.pico-sdk/sdk/2.2.0/lib/tinyusb/src/portable/raspberrypi/rp2040/rp2040_usb.c.o
 .time_critical.e15_is_bulkin_ep
                0x20000c18       0x28 Arducam/CMakeFiles/arducam_demo.dir/Users/henry/.pico-sdk/sdk/2.2.0/lib/tinyusb/src/portable/raspberrypi/rp2040/rp2040_usb.c.o
 .time_critical.e15_is_critical_frame_period
                0x20000c40       0x34 Arducam/CMakeFiles/arducam_demo.dir/Users/henry/.pico-sdk/sdk/2.2.0/lib/tinyusb/src/portable/raspberrypi/rp2040/rp2040_usb.c.o
 .time_critical.hw_endpoint_reset_transfer
                0x20000c74        0xc Arducam/CMakeFiles/arducam_demo.dir/Users/henry/.pico-sdk/sdk/2.2.0/lib/tinyusb/src/portable/raspberrypi/rp2040/rp2040_usb.c.o
                0x20000c74                hw_endpoint_reset_transfer
 .time_critical._hw_endpoint_buffer_control_update32
                0x20000c80       0x50 Arducam/CMakeFiles/arducam_demo.dir/Users/henry/.pico-sdk/sdk/2.2.0/lib/tinyusb/src/portable/raspberrypi/rp2040/rp2040_usb.c.o
                0x20000c80                _hw_endpoint_buffer_control_update32
 .time_critical.hw_endpoint_start_next_buffer
                0x20000cd0       0x68 Arducam/CMakeFiles/arducam_demo.dir/Users/henry/.pico-sdk/sdk/2.2.0/lib/tinyusb/src/portable/raspberrypi/rp2040/rp2040_usb.c.o
                0x20000cd0                hw_endpoint_start_next_buffer
 .time_critical.hw_endpoint_xfer_continue
                0x20000d38       0x40 Arducam/CMakeFiles/arducam_demo.dir/Users/henry/.pico-sdk/sdk/2.2.0/lib/tinyusb/src/portable/raspberrypi/rp2040/rp2040_usb.c.o
                0x20000d38                hw_endpoint_xfer_continue
 .time_critical.tinyusb
                0x20000d78      0x1e4 Arducam/CMakeFiles/arducam_demo.dir/Users/henry/.pico-sdk/sdk/2.2.0/lib/tinyusb/src/device/usbd.c.o
                0x20000d78                dcd_event_handler
 .time_critical.spi_write_blocking
                0x20000f5c       0x4c Arducam/CMakeFiles/arducam_demo.dir/Users/henry/.pico-sdk/sdk/2.2.0/src/rp2_common/hardware_spi/spi.c.o
                0x20000f5c                spi_write_blocking
 .time_critical.spi_read_blocking
                0x20000fa8       0xa8 Arducam/CMakeFiles/arducam_demo.dir/Users/henry/.pico-sdk/sdk/2.2.0/src/rp2_common/hardware_spi/spi.c.o
                0x20000fa8                spi_read_blocking
 *(.text*)
 .text          0x20001050        0x4 /Users/henry/.pico-sdk/toolchain/14_2_Rel1/bin/../lib/gcc/arm-none-eabi/14.2.1/thumb/v6-m/nofp/libgcc.a(_dvmd_tls.o)
                0x20001050                __aeabi_ldiv0
                0x20001050                __aeabi_idiv0
 *fill*         0x20001054        0x4 
 .text.__stub   0x20001058       0x80 linker stubs
                0x200010d8                        . = ALIGN (0x4)
 *(.rodata*)
                0x200010d8                        . = ALIGN (0x4)
 *(.data*)
 .data.striped_spin_lock_num
                0x200010d8        0x1 Arducam/CMakeFiles/arducam_demo.dir/Users/henry/.pico-sdk/sdk/2.2.0/src/rp2_common/hardware_sync/sync.c.o
 *fill*         0x200010d9        0x3 
 .data          0x200010dc       0x48 Arducam/CMakeFiles/arducam_demo.dir/Users/henry/.pico-sdk/sdk/2.2.0/src/rp2_common/hardware_irq/irq_handler_chain.S.o
                0x200010dc                irq_handler_chain_slots
                0x2000110c                irq_handler_chain_first_slot
                0x20001116                irq_handler_chain_remove_tail
 .data.default_alarm_pool
                0x20001124       0x18 Arducam/CMakeFiles/arducam_demo.dir/Users/henry/.pico-sdk/sdk/2.2.0/src/common/pico_time/time.c.o
 *fill*         0x2000113c        0x4 
 .data.aeabi_bits_funcs
                0x20001140       0x10 Arducam/CMakeFiles/arducam_demo.dir/Users/henry/.pico-sdk/sdk/2.2.0/src/rp2_common/pico_bit_ops/bit_ops_aeabi.S.o
                0x20001140                aeabi_bits_funcs
                0x20001150                aeabi_bits_funcs_end
 .data.aeabi_mem_funcs
                0x20001150       0x10 Arducam/CMakeFiles/arducam_demo.dir/Users/henry/.pico-sdk/sdk/2.2.0/src/rp2_common/pico_mem_ops/mem_ops_aeabi.S.o
                0x20001150                aeabi_mem_funcs
                0x20001160                aeabi_mem_funcs_end
 .data.stdio_usb
                0x20001160       0x18 Arducam/CMakeFiles/arducam_demo.dir/Users/henry/.pico-sdk/sdk/2.2.0/src/rp2_common/pico_stdio_usb/stdio_usb.c.o
                0x20001160                stdio_usb
 .data._usbd_qdef
                0x20001178       0x1c Arducam/CMakeFiles/arducam_demo.dir/Users/henry/.pico-sdk/sdk/2.2.0/lib/tinyusb/src/device/usbd.c.o
                0x20001178                _usbd_qdef
 .data._usbd_rhport
                0x20001194        0x1 Arducam/CMakeFiles/arducam_demo.dir/Users/henry/.pico-sdk/sdk/2.2.0/lib/tinyusb/src/device/usbd.c.o
 *fill*         0x20001195        0x3 
 .data.i2c0_inst
                0x20001198        0x8 Arducam/CMakeFiles/arducam_demo.dir/Users/henry/.pico-sdk/sdk/2.2.0/src/rp2_common/hardware_i2c/i2c.c.o
                0x20001198                i2c0_inst
 .data.arducam  0x200011a0       0x18 Arducam/src/libarducam.a(arducam.c.o)
                0x200011a0                arducam
 .data.__malloc_sbrk_base
                0x200011b8        0x4 /Users/henry/.pico-sdk/toolchain/14_2_Rel1/bin/../lib/gcc/arm-none-eabi/14.2.1/../../../../arm-none-eabi/lib/thumb/v6-m/nofp/libg.a(libc_a-mallocr.o)
                0x200011b8                __malloc_sbrk_base
 .data.__malloc_trim_threshold
                0x200011bc        0x4 /Users/henry/.pico-sdk/toolchain/14_2_Rel1/bin/../lib/gcc/arm-none-eabi/14.2.1/../../../../arm-none-eabi/lib/thumb/v6-m/nofp/libg.a(libc_a-mallocr.o)
                0x200011bc                __malloc_trim_threshold
 .data.__malloc_av_
                0x200011c0      0x408 /Users/henry/.pico-sdk/toolchain/14_2_Rel1/bin/../lib/gcc/arm-none-eabi/14.2.1/../../../../arm-none-eabi/lib/thumb/v6-m/nofp/libg.a(libc_a-mallocr.o)
                0x200011c0                __malloc_av_